2026-04-15 09:10:26 [main] INFO  o.h.validator.internal.util.Version - HV000001: Hibernate Validator 8.0.1.Final
2026-04-17 07:45:33 [main] INFO  o.h.validator.internal.util.Version - HV000001: Hibernate Validator 8.0.1.Final
2026-04-17 07:58:32 [main] INFO  o.h.validator.internal.util.Version - HV000001: Hibernate Validator 8.0.1.Final
2026-04-17 08:00:52 [main] INFO  o.h.validator.internal.util.Version - HV000001: Hibernate Validator 8.0.1.Final
2026-04-17 08:13:25 [main] INFO  o.h.validator.internal.util.Version - HV000001: Hibernate Validator 8.0.1.Final
2026-04-17 08:16:52 [main] INFO  o.h.validator.internal.util.Version - HV000001: Hibernate Validator 8.0.1.Final
2026-04-17 08:20:05 [main] INFO  o.h.validator.internal.util.Version - HV000001: Hibernate Validator 8.0.1.Final
2026-04-20 08:06:26 [main] INFO  o.h.validator.internal.util.Version - HV000001: Hibernate Validator 8.0.1.Final
2026-04-20 08:24:08 [main] INFO  o.h.validator.internal.util.Version - HV000001: Hibernate Validator 8.0.1.Final
2026-04-20 08:27:08 [main] INFO  i.g.c.config.GatlingConfiguration$ - Gatling will try to load 'gatling.conf' config file as ClassLoader resource.
2026-04-20 08:27:10 [GatlingSystem-akka.actor.default-dispatcher-5] INFO  akka.event.slf4j.Slf4jLogger - Slf4jLogger started
2026-04-20 08:27:14 [GatlingSystem-akka.actor.default-dispatcher-7] INFO  i.g.c.stats.writer.ConsoleDataWriter - Initializing
2026-04-20 08:27:14 [GatlingSystem-akka.actor.default-dispatcher-5] INFO  i.g.c.stats.writer.LogFileDataWriter - Initializing
2026-04-20 08:27:14 [GatlingSystem-akka.actor.default-dispatcher-7] INFO  i.g.c.stats.writer.ConsoleDataWriter - Initialized
2026-04-20 08:27:14 [GatlingSystem-akka.actor.default-dispatcher-5] INFO  i.g.c.stats.writer.LogFileDataWriter - Initialized
2026-04-20 08:27:14 [GatlingSystem-akka.actor.default-dispatcher-7] INFO  i.g.c.c.inject.open.OpenWorkload - Scenario io.gatling.core.scenario.Scenario@5bbebf40 has finished injecting
2026-04-20 08:27:14 [GatlingSystem-akka.actor.default-dispatcher-7] INFO  i.g.core.controller.inject.Injector - All scenarios have finished injecting
2026-04-20 08:27:17 [GatlingSystem-akka.actor.default-dispatcher-7] INFO  i.g.core.controller.inject.Injector - All users of scenario Basic Test are stopped
2026-04-20 08:27:17 [GatlingSystem-akka.actor.default-dispatcher-7] INFO  i.g.core.controller.inject.Injector - Stopping
2026-04-20 08:27:17 [GatlingSystem-akka.actor.default-dispatcher-6] INFO  i.gatling.core.controller.Controller - Injector has stopped, initiating graceful stop
2026-04-20 08:27:17 [GatlingSystem-akka.actor.default-dispatcher-7] INFO  akka.actor.CoordinatedShutdown - Running CoordinatedShutdown with reason [ActorSystemTerminateReason]
2026-04-20 08:27:17 [main] INFO  i.g.charts.stats.LogFileReader$ - Collected List(C:\Users\ashwi\Downloads\SpringMvcHelloWorld1\target\gatling\employeeformsimulation-20260420024213558\simulation.log) from employeeformsimulation-20260420024213558
2026-04-20 08:27:17 [main] INFO  i.gatling.charts.stats.LogFileReader - First pass
2026-04-20 08:27:17 [main] INFO  i.gatling.charts.stats.LogFileReader - First pass done: read 4 lines
2026-04-20 08:27:17 [main] INFO  i.gatling.charts.stats.LogFileReader - Second pass
2026-04-20 08:27:17 [main] INFO  i.gatling.charts.stats.LogFileReader - Second pass: read 4 lines
2026-04-20 09:07:03 [main] INFO  o.h.validator.internal.util.Version - HV000001: Hibernate Validator 8.0.1.Final
2026-04-20 09:17:58 [main] INFO  o.h.validator.internal.util.Version - HV000001: Hibernate Validator 8.0.1.Final
2026-04-20 09:34:12 [main] INFO  o.h.validator.internal.util.Version - HV000001: Hibernate Validator 8.0.1.Final
2026-04-20 09:49:16 [main] INFO  o.h.validator.internal.util.Version - HV000001: Hibernate Validator 8.0.1.Final
2026-04-22 06:58:08 [main] INFO  o.h.validator.internal.util.Version - HV000001: Hibernate Validator 8.0.1.Final
2026-04-25 23:24:48 [main] INFO  o.h.validator.internal.util.Version - HV000001: Hibernate Validator 8.0.1.Final
2026-04-26 01:07:02 [main] INFO  o.h.validator.internal.util.Version - HV000001: Hibernate Validator 8.0.1.Final
2026-04-26 01:30:07 [main] INFO  o.h.validator.internal.util.Version - HV000001: Hibernate Validator 8.0.1.Final
2026-04-26 01:40:17 [main] INFO  o.h.validator.internal.util.Version - HV000001: Hibernate Validator 8.0.1.Final
2026-04-26 01:52:57 [main] INFO  o.h.validator.internal.util.Version - HV000001: Hibernate Validator 8.0.1.Final
2026-04-26 13:55:42 [main] INFO  o.h.validator.internal.util.Version - HV000001: Hibernate Validator 8.0.1.Final
2026-04-26 18:26:51 [main] INFO  o.h.validator.internal.util.Version - HV000001: Hibernate Validator 8.0.1.Final
2026-04-26 19:07:07 [main] INFO  o.h.validator.internal.util.Version - HV000001: Hibernate Validator 8.0.1.Final
2026-04-26 19:19:27 [main] INFO  o.h.validator.internal.util.Version - HV000001: Hibernate Validator 8.0.1.Final
2026-04-27 07:34:18 [main] INFO  o.h.validator.internal.util.Version - HV000001: Hibernate Validator 8.0.1.Final
2026-04-27 08:36:08 [main] INFO  i.g.c.config.GatlingConfiguration$ - Gatling will try to load 'gatling.conf' config file as ClassLoader resource.
2026-04-27 08:36:10 [GatlingSystem-akka.actor.default-dispatcher-5] INFO  akka.event.slf4j.Slf4jLogger - Slf4jLogger started
2026-04-27 08:36:17 [GatlingSystem-akka.actor.default-dispatcher-7] INFO  i.g.c.stats.writer.ConsoleDataWriter - Initializing
2026-04-27 08:36:17 [GatlingSystem-akka.actor.default-dispatcher-5] INFO  i.g.c.stats.writer.LogFileDataWriter - Initializing
2026-04-27 08:36:17 [GatlingSystem-akka.actor.default-dispatcher-7] INFO  i.g.c.stats.writer.ConsoleDataWriter - Initialized
2026-04-27 08:36:17 [GatlingSystem-akka.actor.default-dispatcher-5] INFO  i.g.c.stats.writer.LogFileDataWriter - Initialized
2026-04-27 08:36:17 [GatlingSystem-akka.actor.default-dispatcher-5] INFO  i.g.c.c.inject.open.OpenWorkload - Scenario io.gatling.core.scenario.Scenario@5d823a15 has finished injecting
2026-04-27 08:36:17 [GatlingSystem-akka.actor.default-dispatcher-5] INFO  i.g.core.controller.inject.Injector - All scenarios have finished injecting
2026-04-27 08:36:18 [GatlingSystem-akka.actor.default-dispatcher-5] INFO  i.g.core.controller.inject.Injector - All users of scenario Basic Test are stopped
2026-04-27 08:36:18 [GatlingSystem-akka.actor.default-dispatcher-5] INFO  i.g.core.controller.inject.Injector - Stopping
2026-04-27 08:36:18 [GatlingSystem-akka.actor.default-dispatcher-6] INFO  i.gatling.core.controller.Controller - Injector has stopped, initiating graceful stop
2026-04-27 08:36:18 [GatlingSystem-akka.actor.default-dispatcher-7] INFO  akka.actor.CoordinatedShutdown - Running CoordinatedShutdown with reason [ActorSystemTerminateReason]
2026-04-27 08:36:18 [main] INFO  i.g.charts.stats.LogFileReader$ - Collected List(C:\Users\ashwi\Downloads\SpringMvcHelloWorld1\target\gatling\employeeformsimulation-20260427025115971\simulation.log) from employeeformsimulation-20260427025115971
2026-04-27 08:36:18 [main] INFO  i.gatling.charts.stats.LogFileReader - First pass
2026-04-27 08:36:18 [main] INFO  i.gatling.charts.stats.LogFileReader - First pass done: read 5 lines
2026-04-27 08:36:18 [main] INFO  i.gatling.charts.stats.LogFileReader - Second pass
2026-04-27 08:36:18 [main] INFO  i.gatling.charts.stats.LogFileReader - Second pass: read 5 lines
2026-04-27 08:39:26 [main] INFO  o.h.validator.internal.util.Version - HV000001: Hibernate Validator 8.0.1.Final
2026-04-27 08:46:23 [main] INFO  o.h.validator.internal.util.Version - HV000001: Hibernate Validator 8.0.1.Final
2026-04-27 08:47:25 [main] INFO  i.g.c.config.GatlingConfiguration$ - Gatling will try to load 'gatling.conf' config file as ClassLoader resource.
2026-04-27 08:47:27 [GatlingSystem-akka.actor.default-dispatcher-5] INFO  akka.event.slf4j.Slf4jLogger - Slf4jLogger started
2026-04-27 08:47:33 [GatlingSystem-akka.actor.default-dispatcher-6] INFO  i.g.c.stats.writer.ConsoleDataWriter - Initializing
2026-04-27 08:47:33 [GatlingSystem-akka.actor.default-dispatcher-5] INFO  i.g.c.stats.writer.LogFileDataWriter - Initializing
2026-04-27 08:47:33 [GatlingSystem-akka.actor.default-dispatcher-6] INFO  i.g.c.stats.writer.ConsoleDataWriter - Initialized
2026-04-27 08:47:33 [GatlingSystem-akka.actor.default-dispatcher-5] INFO  i.g.c.stats.writer.LogFileDataWriter - Initialized
2026-04-27 08:47:33 [GatlingSystem-akka.actor.default-dispatcher-5] INFO  i.g.c.c.inject.open.OpenWorkload - Scenario io.gatling.core.scenario.Scenario@3e894be2 has finished injecting
2026-04-27 08:47:33 [GatlingSystem-akka.actor.default-dispatcher-5] INFO  i.g.core.controller.inject.Injector - All scenarios have finished injecting
2026-04-27 08:47:37 [GatlingSystem-akka.actor.default-dispatcher-7] INFO  i.g.core.controller.inject.Injector - All users of scenario Basic Test are stopped
2026-04-27 08:47:37 [GatlingSystem-akka.actor.default-dispatcher-7] INFO  i.g.core.controller.inject.Injector - Stopping
2026-04-27 08:47:37 [GatlingSystem-akka.actor.default-dispatcher-6] INFO  i.gatling.core.controller.Controller - Injector has stopped, initiating graceful stop
2026-04-27 08:47:37 [GatlingSystem-akka.actor.default-dispatcher-6] INFO  akka.actor.CoordinatedShutdown - Running CoordinatedShutdown with reason [ActorSystemTerminateReason]
2026-04-27 08:47:37 [main] INFO  i.g.charts.stats.LogFileReader$ - Collected List(C:\Users\ashwi\Downloads\SpringMvcHelloWorld1\target\gatling\employeeformsimulation-20260427030231971\simulation.log) from employeeformsimulation-20260427030231971
2026-04-27 08:47:37 [main] INFO  i.gatling.charts.stats.LogFileReader - First pass
2026-04-27 08:47:37 [main] INFO  i.gatling.charts.stats.LogFileReader - First pass done: read 5 lines
2026-04-27 08:47:38 [main] INFO  i.gatling.charts.stats.LogFileReader - Second pass
2026-04-27 08:47:38 [main] INFO  i.gatling.charts.stats.LogFileReader - Second pass: read 5 lines
2026-04-27 08:50:18 [main] INFO  o.h.validator.internal.util.Version - HV000001: Hibernate Validator 8.0.1.Final
2026-04-27 08:51:23 [main] INFO  i.g.c.config.GatlingConfiguration$ - Gatling will try to load 'gatling.conf' config file as ClassLoader resource.
2026-04-27 08:51:25 [GatlingSystem-akka.actor.default-dispatcher-5] INFO  akka.event.slf4j.Slf4jLogger - Slf4jLogger started
2026-04-27 08:51:30 [GatlingSystem-akka.actor.default-dispatcher-5] INFO  i.g.c.stats.writer.ConsoleDataWriter - Initializing
2026-04-27 08:51:30 [GatlingSystem-akka.actor.default-dispatcher-7] INFO  i.g.c.stats.writer.LogFileDataWriter - Initializing
2026-04-27 08:51:30 [GatlingSystem-akka.actor.default-dispatcher-5] INFO  i.g.c.stats.writer.ConsoleDataWriter - Initialized
2026-04-27 08:51:30 [GatlingSystem-akka.actor.default-dispatcher-7] INFO  i.g.c.stats.writer.LogFileDataWriter - Initialized
2026-04-27 08:51:30 [GatlingSystem-akka.actor.default-dispatcher-5] INFO  i.g.c.c.inject.open.OpenWorkload - Scenario io.gatling.core.scenario.Scenario@1af3a61f has finished injecting
2026-04-27 08:51:30 [GatlingSystem-akka.actor.default-dispatcher-5] INFO  i.g.core.controller.inject.Injector - All scenarios have finished injecting
2026-04-27 08:51:32 [GatlingSystem-akka.actor.default-dispatcher-6] INFO  i.g.core.controller.inject.Injector - All users of scenario Basic Test are stopped
2026-04-27 08:51:32 [GatlingSystem-akka.actor.default-dispatcher-6] INFO  i.g.core.controller.inject.Injector - Stopping
2026-04-27 08:51:32 [GatlingSystem-akka.actor.default-dispatcher-7] INFO  i.gatling.core.controller.Controller - Injector has stopped, initiating graceful stop
2026-04-27 08:51:32 [GatlingSystem-akka.actor.default-dispatcher-5] INFO  akka.actor.CoordinatedShutdown - Running CoordinatedShutdown with reason [ActorSystemTerminateReason]
2026-04-27 08:51:32 [main] INFO  i.g.charts.stats.LogFileReader$ - Collected List(C:\Users\ashwi\Downloads\SpringMvcHelloWorld1\target\gatling\productformsimulation-20260427030629424\simulation.log) from productformsimulation-20260427030629424
2026-04-27 08:51:32 [main] INFO  i.gatling.charts.stats.LogFileReader - First pass
2026-04-27 08:51:32 [main] INFO  i.gatling.charts.stats.LogFileReader - First pass done: read 5 lines
2026-04-27 08:51:32 [main] INFO  i.gatling.charts.stats.LogFileReader - Second pass
2026-04-27 08:51:32 [main] INFO  i.gatling.charts.stats.LogFileReader - Second pass: read 5 lines
2026-04-28 10:55:53 [main] INFO  o.h.validator.internal.util.Version - HV000001: Hibernate Validator 8.0.1.Final
2026-04-28 13:09:42 [main] INFO  o.h.validator.internal.util.Version - HV000001: Hibernate Validator 8.0.1.Final
2026-04-28 13:21:07 [main] INFO  o.h.validator.internal.util.Version - HV000001: Hibernate Validator 8.0.1.Final
2026-04-28 13:22:48 [main] INFO  o.h.validator.internal.util.Version - HV000001: Hibernate Validator 8.0.1.Final
2026-04-28 13:25:08 [main] INFO  o.h.validator.internal.util.Version - HV000001: Hibernate Validator 8.0.1.Final
2026-04-28 13:26:07 [main] INFO  o.h.validator.internal.util.Version - HV000001: Hibernate Validator 8.0.1.Final
2026-04-28 13:29:57 [main] INFO  o.h.validator.internal.util.Version - HV000001: Hibernate Validator 8.0.1.Final
2026-04-28 13:33:15 [main] INFO  o.h.validator.internal.util.Version - HV000001: Hibernate Validator 8.0.1.Final
2026-04-28 13:47:15 [main] INFO  o.h.validator.internal.util.Version - HV000001: Hibernate Validator 8.0.1.Final
2026-04-28 13:56:41 [main] INFO  o.h.validator.internal.util.Version - HV000001: Hibernate Validator 8.0.1.Final
2026-04-28 14:15:30 [main] INFO  o.h.validator.internal.util.Version - HV000001: Hibernate Validator 8.0.1.Final
2026-04-28 14:19:54 [main] INFO  o.h.validator.internal.util.Version - HV000001: Hibernate Validator 8.0.1.Final
2026-04-28 14:27:01 [main] INFO  o.h.validator.internal.util.Version - HV000001: Hibernate Validator 8.0.1.Final
2026-04-28 14:35:36 [main] INFO  o.h.validator.internal.util.Version - HV000001: Hibernate Validator 8.0.1.Final
2026-04-28 14:49:27 [main] INFO  o.h.validator.internal.util.Version - HV000001: Hibernate Validator 8.0.1.Final
2026-04-28 14:57:11 [main] INFO  o.h.validator.internal.util.Version - HV000001: Hibernate Validator 8.0.1.Final
2026-04-28 15:09:32 [main] INFO  o.h.validator.internal.util.Version - HV000001: Hibernate Validator 8.0.1.Final
2026-04-28 15:20:52 [main] INFO  o.h.validator.internal.util.Version - HV000001: Hibernate Validator 8.0.1.Final
2026-04-28 17:04:29 [main] INFO  o.h.validator.internal.util.Version - HV000001: Hibernate Validator 8.0.1.Final
