30-Mar-2026 08:23:00.074 INFO [main] org.apache.catalina.startup.VersionLoggerListener.log Server version name:   Apache Tomcat/10.1.52
30-Mar-2026 08:23:00.084 INFO [main] org.apache.catalina.startup.VersionLoggerListener.log Server built:          Jan 23 2026 19:29:07 UTC
30-Mar-2026 08:23:00.086 INFO [main] org.apache.catalina.startup.VersionLoggerListener.log Server version number: 10.1.52.0
30-Mar-2026 08:23:00.087 INFO [main] org.apache.catalina.startup.VersionLoggerListener.log OS Name:               Windows 11
30-Mar-2026 08:23:00.088 INFO [main] org.apache.catalina.startup.VersionLoggerListener.log OS Version:            10.0
30-Mar-2026 08:23:00.089 INFO [main] org.apache.catalina.startup.VersionLoggerListener.log Architecture:          amd64
30-Mar-2026 08:23:00.090 INFO [main] org.apache.catalina.startup.VersionLoggerListener.log Java Home:             C:\Program Files\Java\jdk-25.0.2
30-Mar-2026 08:23:00.091 INFO [main] org.apache.catalina.startup.VersionLoggerListener.log JVM Version:           25.0.2+10-LTS-69
30-Mar-2026 08:23:00.091 INFO [main] org.apache.catalina.startup.VersionLoggerListener.log JVM Vendor:            Oracle Corporation
30-Mar-2026 08:23:00.092 INFO [main] org.apache.catalina.startup.VersionLoggerListener.log CATALINA_BASE:         C:\Users\ashwi\OneDrive\Documents\SpringMvcHelloWorld1\apache-tomcat-10.1.52
30-Mar-2026 08:23:00.093 INFO [main] org.apache.catalina.startup.VersionLoggerListener.log CATALINA_HOME:         C:\Users\ashwi\OneDrive\Documents\SpringMvcHelloWorld1\apache-tomcat-10.1.52
30-Mar-2026 08:23:00.141 INFO [main] org.apache.catalina.startup.VersionLoggerListener.log Command line argument: -Djava.util.logging.config.file=C:\Users\ashwi\OneDrive\Documents\SpringMvcHelloWorld1\apache-tomcat-10.1.52\conf\logging.properties
30-Mar-2026 08:23:00.142 INFO [main] org.apache.catalina.startup.VersionLoggerListener.log Command line argument: -Djava.util.logging.manager=org.apache.juli.ClassLoaderLogManager
30-Mar-2026 08:23:00.143 INFO [main] org.apache.catalina.startup.VersionLoggerListener.log Command line argument: -Djdk.tls.ephemeralDHKeySize=2048
30-Mar-2026 08:23:00.144 INFO [main] org.apache.catalina.startup.VersionLoggerListener.log Command line argument: -Djava.protocol.handler.pkgs=org.apache.catalina.webresources
30-Mar-2026 08:23:00.144 INFO [main] org.apache.catalina.startup.VersionLoggerListener.log Command line argument: -Dsun.io.useCanonCaches=false
30-Mar-2026 08:23:00.145 INFO [main] org.apache.catalina.startup.VersionLoggerListener.log Command line argument: --add-opens=java.base/java.lang=ALL-UNNAMED
30-Mar-2026 08:23:00.146 INFO [main] org.apache.catalina.startup.VersionLoggerListener.log Command line argument: --add-opens=java.base/java.lang.reflect=ALL-UNNAMED
30-Mar-2026 08:23:00.146 INFO [main] org.apache.catalina.startup.VersionLoggerListener.log Command line argument: --add-opens=java.base/java.io=ALL-UNNAMED
30-Mar-2026 08:23:00.146 INFO [main] org.apache.catalina.startup.VersionLoggerListener.log Command line argument: --add-opens=java.base/java.util=ALL-UNNAMED
30-Mar-2026 08:23:00.147 INFO [main] org.apache.catalina.startup.VersionLoggerListener.log Command line argument: --add-opens=java.base/java.util.concurrent=ALL-UNNAMED
30-Mar-2026 08:23:00.147 INFO [main] org.apache.catalina.startup.VersionLoggerListener.log Command line argument: --add-opens=java.rmi/sun.rmi.transport=ALL-UNNAMED
30-Mar-2026 08:23:00.147 INFO [main] org.apache.catalina.startup.VersionLoggerListener.log Command line argument: -Dcatalina.base=C:\Users\ashwi\OneDrive\Documents\SpringMvcHelloWorld1\apache-tomcat-10.1.52
30-Mar-2026 08:23:00.148 INFO [main] org.apache.catalina.startup.VersionLoggerListener.log Command line argument: -Dcatalina.home=C:\Users\ashwi\OneDrive\Documents\SpringMvcHelloWorld1\apache-tomcat-10.1.52
30-Mar-2026 08:23:00.148 INFO [main] org.apache.catalina.startup.VersionLoggerListener.log Command line argument: -Djava.io.tmpdir=C:\Users\ashwi\OneDrive\Documents\SpringMvcHelloWorld1\apache-tomcat-10.1.52\temp
30-Mar-2026 08:23:00.180 INFO [main] org.apache.catalina.core.AprLifecycleListener.lifecycleEvent The Apache Tomcat Native library which allows using OpenSSL was not found on the java.library.path: [C:\Program Files\Java\jdk-25.0.2\bin;C:\WINDOWS\Sun\Java\bin;C:\WINDOWS\system32;C:\WINDOWS;C:\Program Files\Common Files\Oracle\Java\javapath;C:\Program Files\Eclipse Adoptium\jdk-17.0.17.10-hotspot\bin;C:\Python314\Scripts\;C:\Python314\;C:\WINDOWS\system32;C:\WINDOWS;C:\WINDOWS\System32\Wbem;C:\WINDOWS\System32\WindowsPowerShell\v1.0\;C:\WINDOWS\System32\OpenSSH\;C:\Program Files (x86)\Microsoft SQL Server\160\Tools\Binn\;C:\Program Files\Microsoft SQL Server\160\Tools\Binn\;C:\Program Files\Microsoft SQL Server\Client SDK\ODBC\170\Tools\Binn\;C:\Program Files\Microsoft SQL Server\160\DTS\Binn\;D:\bin;D:\Git\cmd;D:\NodeJS\;C:\ProgramData\chocolatey\bin;C:\Program Files\apache-maven-3.9.14\bin;C:\Users\ashwi\AppData\Local\Microsoft\WindowsApps;C:\Users\ashwi\AppData\Local\Programs\Microsoft VS Code\bin;C:\Program Files\Azure Data Studio\bin;C:\MinGW\bin;C:\Users\ashwi\AppData\Roaming\npm;C:\Users\ashwi\AppData\Local\Android\Sdk\platform-tools;C:\Users\ashwi\AppData\Local\Programs\Antigravity\bin;.]
30-Mar-2026 08:23:00.961 INFO [main] org.apache.coyote.AbstractProtocol.init Initializing ProtocolHandler ["http-nio-8080"]
30-Mar-2026 08:23:01.027 INFO [main] org.apache.catalina.startup.Catalina.load Server initialization in [1517] milliseconds
30-Mar-2026 08:23:01.202 INFO [main] org.apache.catalina.core.StandardService.startInternal Starting service [Catalina]
30-Mar-2026 08:23:01.204 INFO [main] org.apache.catalina.core.StandardEngine.startInternal Starting Servlet engine: [Apache Tomcat/10.1.52]
30-Mar-2026 08:23:01.339 INFO [main] org.apache.catalina.startup.HostConfig.deployWAR Deploying web application archive [C:\Users\ashwi\OneDrive\Documents\SpringMvcHelloWorld1\apache-tomcat-10.1.52\webapps\SpringMvcHelloWorld.war]
30-Mar-2026 08:23:10.597 INFO [main] org.apache.jasper.servlet.TldScanner.scanJars At least one JAR was scanned for TLDs yet contained no TLDs. Enable debug logging for this logger for a complete list of JARs that were scanned but no TLDs were found in them. Skipping unneeded JARs during scanning can improve startup time and JSP compilation time.
30-Mar-2026 08:23:14.551 INFO [main] org.apache.catalina.startup.HostConfig.deployWAR Deployment of web application archive [C:\Users\ashwi\OneDrive\Documents\SpringMvcHelloWorld1\apache-tomcat-10.1.52\webapps\SpringMvcHelloWorld.war] has finished in [13,204] ms
30-Mar-2026 08:23:14.554 INFO [main] org.apache.catalina.startup.HostConfig.deployDirectory Deploying web application directory [C:\Users\ashwi\OneDrive\Documents\SpringMvcHelloWorld1\apache-tomcat-10.1.52\webapps\docs]
30-Mar-2026 08:23:14.688 INFO [main] org.apache.catalina.startup.HostConfig.deployDirectory Deployment of web application directory [C:\Users\ashwi\OneDrive\Documents\SpringMvcHelloWorld1\apache-tomcat-10.1.52\webapps\docs] has finished in [132] ms
30-Mar-2026 08:23:14.690 INFO [main] org.apache.catalina.startup.HostConfig.deployDirectory Deploying web application directory [C:\Users\ashwi\OneDrive\Documents\SpringMvcHelloWorld1\apache-tomcat-10.1.52\webapps\examples]
30-Mar-2026 08:23:16.467 INFO [main] org.apache.catalina.startup.HostConfig.deployDirectory Deployment of web application directory [C:\Users\ashwi\OneDrive\Documents\SpringMvcHelloWorld1\apache-tomcat-10.1.52\webapps\examples] has finished in [1,776] ms
30-Mar-2026 08:23:16.468 INFO [main] org.apache.catalina.startup.HostConfig.deployDirectory Deploying web application directory [C:\Users\ashwi\OneDrive\Documents\SpringMvcHelloWorld1\apache-tomcat-10.1.52\webapps\host-manager]
30-Mar-2026 08:23:16.630 INFO [main] org.apache.catalina.startup.HostConfig.deployDirectory Deployment of web application directory [C:\Users\ashwi\OneDrive\Documents\SpringMvcHelloWorld1\apache-tomcat-10.1.52\webapps\host-manager] has finished in [162] ms
30-Mar-2026 08:23:16.631 INFO [main] org.apache.catalina.startup.HostConfig.deployDirectory Deploying web application directory [C:\Users\ashwi\OneDrive\Documents\SpringMvcHelloWorld1\apache-tomcat-10.1.52\webapps\manager]
30-Mar-2026 08:23:16.772 INFO [main] org.apache.catalina.startup.HostConfig.deployDirectory Deployment of web application directory [C:\Users\ashwi\OneDrive\Documents\SpringMvcHelloWorld1\apache-tomcat-10.1.52\webapps\manager] has finished in [141] ms
30-Mar-2026 08:23:16.773 INFO [main] org.apache.catalina.startup.HostConfig.deployDirectory Deploying web application directory [C:\Users\ashwi\OneDrive\Documents\SpringMvcHelloWorld1\apache-tomcat-10.1.52\webapps\ROOT]
30-Mar-2026 08:23:16.872 INFO [main] org.apache.catalina.startup.HostConfig.deployDirectory Deployment of web application directory [C:\Users\ashwi\OneDrive\Documents\SpringMvcHelloWorld1\apache-tomcat-10.1.52\webapps\ROOT] has finished in [99] ms
30-Mar-2026 08:23:16.885 INFO [main] org.apache.coyote.AbstractProtocol.start Starting ProtocolHandler ["http-nio-8080"]
30-Mar-2026 08:23:16.960 INFO [main] org.apache.catalina.startup.Catalina.start Server startup in [15921] milliseconds
30-Mar-2026 08:38:40.611 INFO [Catalina-utility-1] org.apache.catalina.startup.HostConfig.undeploy Undeploying context [/SpringMvcHelloWorld]
30-Mar-2026 08:38:40.786 SEVERE [Catalina-utility-1] org.apache.catalina.startup.ExpandWar.deleteDir [C:\Users\ashwi\OneDrive\Documents\SpringMvcHelloWorld1\apache-tomcat-10.1.52\work\Catalina\localhost\SpringMvcHelloWorld\org\apache\jsp\WEB_002dINF\views] could not be completely deleted. The presence of the remaining files may cause problems
30-Mar-2026 08:38:40.789 SEVERE [Catalina-utility-1] org.apache.catalina.startup.ExpandWar.deleteDir [C:\Users\ashwi\OneDrive\Documents\SpringMvcHelloWorld1\apache-tomcat-10.1.52\work\Catalina\localhost\SpringMvcHelloWorld\org\apache\jsp\WEB_002dINF] could not be completely deleted. The presence of the remaining files may cause problems
30-Mar-2026 08:38:40.792 SEVERE [Catalina-utility-1] org.apache.catalina.startup.ExpandWar.deleteDir [C:\Users\ashwi\OneDrive\Documents\SpringMvcHelloWorld1\apache-tomcat-10.1.52\work\Catalina\localhost\SpringMvcHelloWorld\org\apache\jsp] could not be completely deleted. The presence of the remaining files may cause problems
30-Mar-2026 08:38:40.792 SEVERE [Catalina-utility-1] org.apache.catalina.startup.ExpandWar.deleteDir [C:\Users\ashwi\OneDrive\Documents\SpringMvcHelloWorld1\apache-tomcat-10.1.52\work\Catalina\localhost\SpringMvcHelloWorld\org\apache] could not be completely deleted. The presence of the remaining files may cause problems
30-Mar-2026 08:38:40.799 SEVERE [Catalina-utility-1] org.apache.catalina.startup.ExpandWar.deleteDir [C:\Users\ashwi\OneDrive\Documents\SpringMvcHelloWorld1\apache-tomcat-10.1.52\work\Catalina\localhost\SpringMvcHelloWorld\org] could not be completely deleted. The presence of the remaining files may cause problems
30-Mar-2026 08:38:40.803 SEVERE [Catalina-utility-1] org.apache.catalina.startup.ExpandWar.deleteDir [C:\Users\ashwi\OneDrive\Documents\SpringMvcHelloWorld1\apache-tomcat-10.1.52\work\Catalina\localhost\SpringMvcHelloWorld] could not be completely deleted. The presence of the remaining files may cause problems
30-Mar-2026 08:38:40.804 SEVERE [Catalina-utility-1] org.apache.catalina.startup.ExpandWar.delete [C:\Users\ashwi\OneDrive\Documents\SpringMvcHelloWorld1\apache-tomcat-10.1.52\work\Catalina\localhost\SpringMvcHelloWorld] could not be completely deleted. The presence of the remaining files may cause problems
30-Mar-2026 08:45:10.344 INFO [main] org.apache.catalina.startup.VersionLoggerListener.log Server version name:   Apache Tomcat/10.1.52
30-Mar-2026 08:45:10.352 INFO [main] org.apache.catalina.startup.VersionLoggerListener.log Server built:          Jan 23 2026 19:29:07 UTC
30-Mar-2026 08:45:10.353 INFO [main] org.apache.catalina.startup.VersionLoggerListener.log Server version number: 10.1.52.0
30-Mar-2026 08:45:10.353 INFO [main] org.apache.catalina.startup.VersionLoggerListener.log OS Name:               Windows 11
30-Mar-2026 08:45:10.354 INFO [main] org.apache.catalina.startup.VersionLoggerListener.log OS Version:            10.0
30-Mar-2026 08:45:10.354 INFO [main] org.apache.catalina.startup.VersionLoggerListener.log Architecture:          amd64
30-Mar-2026 08:45:10.355 INFO [main] org.apache.catalina.startup.VersionLoggerListener.log Java Home:             C:\Program Files\Java\jdk-25.0.2
30-Mar-2026 08:45:10.355 INFO [main] org.apache.catalina.startup.VersionLoggerListener.log JVM Version:           25.0.2+10-LTS-69
30-Mar-2026 08:45:10.357 INFO [main] org.apache.catalina.startup.VersionLoggerListener.log JVM Vendor:            Oracle Corporation
30-Mar-2026 08:45:10.358 INFO [main] org.apache.catalina.startup.VersionLoggerListener.log CATALINA_BASE:         C:\Users\ashwi\OneDrive\Documents\SpringMvcHelloWorld1\apache-tomcat-10.1.52
30-Mar-2026 08:45:10.358 INFO [main] org.apache.catalina.startup.VersionLoggerListener.log CATALINA_HOME:         C:\Users\ashwi\OneDrive\Documents\SpringMvcHelloWorld1\apache-tomcat-10.1.52
30-Mar-2026 08:45:10.391 INFO [main] org.apache.catalina.startup.VersionLoggerListener.log Command line argument: -Djava.util.logging.config.file=C:\Users\ashwi\OneDrive\Documents\SpringMvcHelloWorld1\apache-tomcat-10.1.52\conf\logging.properties
30-Mar-2026 08:45:10.391 INFO [main] org.apache.catalina.startup.VersionLoggerListener.log Command line argument: -Djava.util.logging.manager=org.apache.juli.ClassLoaderLogManager
30-Mar-2026 08:45:10.392 INFO [main] org.apache.catalina.startup.VersionLoggerListener.log Command line argument: -Djdk.tls.ephemeralDHKeySize=2048
30-Mar-2026 08:45:10.392 INFO [main] org.apache.catalina.startup.VersionLoggerListener.log Command line argument: -Djava.protocol.handler.pkgs=org.apache.catalina.webresources
30-Mar-2026 08:45:10.393 INFO [main] org.apache.catalina.startup.VersionLoggerListener.log Command line argument: -Dsun.io.useCanonCaches=false
30-Mar-2026 08:45:10.394 INFO [main] org.apache.catalina.startup.VersionLoggerListener.log Command line argument: --add-opens=java.base/java.lang=ALL-UNNAMED
30-Mar-2026 08:45:10.394 INFO [main] org.apache.catalina.startup.VersionLoggerListener.log Command line argument: --add-opens=java.base/java.lang.reflect=ALL-UNNAMED
30-Mar-2026 08:45:10.394 INFO [main] org.apache.catalina.startup.VersionLoggerListener.log Command line argument: --add-opens=java.base/java.io=ALL-UNNAMED
30-Mar-2026 08:45:10.394 INFO [main] org.apache.catalina.startup.VersionLoggerListener.log Command line argument: --add-opens=java.base/java.util=ALL-UNNAMED
30-Mar-2026 08:45:10.395 INFO [main] org.apache.catalina.startup.VersionLoggerListener.log Command line argument: --add-opens=java.base/java.util.concurrent=ALL-UNNAMED
30-Mar-2026 08:45:10.395 INFO [main] org.apache.catalina.startup.VersionLoggerListener.log Command line argument: --add-opens=java.rmi/sun.rmi.transport=ALL-UNNAMED
30-Mar-2026 08:45:10.395 INFO [main] org.apache.catalina.startup.VersionLoggerListener.log Command line argument: -Dcatalina.base=C:\Users\ashwi\OneDrive\Documents\SpringMvcHelloWorld1\apache-tomcat-10.1.52
30-Mar-2026 08:45:10.396 INFO [main] org.apache.catalina.startup.VersionLoggerListener.log Command line argument: -Dcatalina.home=C:\Users\ashwi\OneDrive\Documents\SpringMvcHelloWorld1\apache-tomcat-10.1.52
30-Mar-2026 08:45:10.396 INFO [main] org.apache.catalina.startup.VersionLoggerListener.log Command line argument: -Djava.io.tmpdir=C:\Users\ashwi\OneDrive\Documents\SpringMvcHelloWorld1\apache-tomcat-10.1.52\temp
30-Mar-2026 08:45:10.419 INFO [main] org.apache.catalina.core.AprLifecycleListener.lifecycleEvent The Apache Tomcat Native library which allows using OpenSSL was not found on the java.library.path: [C:\Program Files\Java\jdk-25.0.2\bin;C:\WINDOWS\Sun\Java\bin;C:\WINDOWS\system32;C:\WINDOWS;C:\Program Files\Common Files\Oracle\Java\javapath;C:\Program Files\Eclipse Adoptium\jdk-17.0.17.10-hotspot\bin;C:\Python314\Scripts\;C:\Python314\;C:\WINDOWS\system32;C:\WINDOWS;C:\WINDOWS\System32\Wbem;C:\WINDOWS\System32\WindowsPowerShell\v1.0\;C:\WINDOWS\System32\OpenSSH\;C:\Program Files (x86)\Microsoft SQL Server\160\Tools\Binn\;C:\Program Files\Microsoft SQL Server\160\Tools\Binn\;C:\Program Files\Microsoft SQL Server\Client SDK\ODBC\170\Tools\Binn\;C:\Program Files\Microsoft SQL Server\160\DTS\Binn\;D:\bin;D:\Git\cmd;D:\NodeJS\;C:\ProgramData\chocolatey\bin;C:\Program Files\apache-maven-3.9.14\bin;C:\Users\ashwi\AppData\Local\Microsoft\WindowsApps;C:\Users\ashwi\AppData\Local\Programs\Microsoft VS Code\bin;C:\Program Files\Azure Data Studio\bin;C:\MinGW\bin;C:\Users\ashwi\AppData\Roaming\npm;C:\Users\ashwi\AppData\Local\Android\Sdk\platform-tools;C:\Users\ashwi\AppData\Local\Programs\Antigravity\bin;.]
30-Mar-2026 08:45:11.118 INFO [main] org.apache.coyote.AbstractProtocol.init Initializing ProtocolHandler ["http-nio-8080"]
30-Mar-2026 08:45:11.198 INFO [main] org.apache.catalina.startup.Catalina.load Server initialization in [1328] milliseconds
30-Mar-2026 08:45:11.344 INFO [main] org.apache.catalina.core.StandardService.startInternal Starting service [Catalina]
30-Mar-2026 08:45:11.345 INFO [main] org.apache.catalina.core.StandardEngine.startInternal Starting Servlet engine: [Apache Tomcat/10.1.52]
30-Mar-2026 08:45:11.440 INFO [main] org.apache.catalina.startup.HostConfig.deployWAR Deploying web application archive [C:\Users\ashwi\OneDrive\Documents\SpringMvcHelloWorld1\apache-tomcat-10.1.52\webapps\SpringMvcHelloWorld.war]
30-Mar-2026 08:45:20.983 INFO [main] org.apache.jasper.servlet.TldScanner.scanJars At least one JAR was scanned for TLDs yet contained no TLDs. Enable debug logging for this logger for a complete list of JARs that were scanned but no TLDs were found in them. Skipping unneeded JARs during scanning can improve startup time and JSP compilation time.
30-Mar-2026 08:45:32.444 INFO [main] org.apache.catalina.startup.HostConfig.deployWAR Deployment of web application archive [C:\Users\ashwi\OneDrive\Documents\SpringMvcHelloWorld1\apache-tomcat-10.1.52\webapps\SpringMvcHelloWorld.war] has finished in [20,973] ms
30-Mar-2026 08:45:32.447 INFO [main] org.apache.catalina.startup.HostConfig.deployDirectory Deploying web application directory [C:\Users\ashwi\OneDrive\Documents\SpringMvcHelloWorld1\apache-tomcat-10.1.52\webapps\docs]
30-Mar-2026 08:45:32.588 INFO [main] org.apache.catalina.startup.HostConfig.deployDirectory Deployment of web application directory [C:\Users\ashwi\OneDrive\Documents\SpringMvcHelloWorld1\apache-tomcat-10.1.52\webapps\docs] has finished in [141] ms
30-Mar-2026 08:45:32.590 INFO [main] org.apache.catalina.startup.HostConfig.deployDirectory Deploying web application directory [C:\Users\ashwi\OneDrive\Documents\SpringMvcHelloWorld1\apache-tomcat-10.1.52\webapps\examples]
30-Mar-2026 08:45:34.270 INFO [main] org.apache.catalina.startup.HostConfig.deployDirectory Deployment of web application directory [C:\Users\ashwi\OneDrive\Documents\SpringMvcHelloWorld1\apache-tomcat-10.1.52\webapps\examples] has finished in [1,680] ms
30-Mar-2026 08:45:34.272 INFO [main] org.apache.catalina.startup.HostConfig.deployDirectory Deploying web application directory [C:\Users\ashwi\OneDrive\Documents\SpringMvcHelloWorld1\apache-tomcat-10.1.52\webapps\host-manager]
30-Mar-2026 08:45:34.454 INFO [main] org.apache.catalina.startup.HostConfig.deployDirectory Deployment of web application directory [C:\Users\ashwi\OneDrive\Documents\SpringMvcHelloWorld1\apache-tomcat-10.1.52\webapps\host-manager] has finished in [182] ms
30-Mar-2026 08:45:34.456 INFO [main] org.apache.catalina.startup.HostConfig.deployDirectory Deploying web application directory [C:\Users\ashwi\OneDrive\Documents\SpringMvcHelloWorld1\apache-tomcat-10.1.52\webapps\manager]
30-Mar-2026 08:45:34.604 INFO [main] org.apache.catalina.startup.HostConfig.deployDirectory Deployment of web application directory [C:\Users\ashwi\OneDrive\Documents\SpringMvcHelloWorld1\apache-tomcat-10.1.52\webapps\manager] has finished in [149] ms
30-Mar-2026 08:45:34.606 INFO [main] org.apache.catalina.startup.HostConfig.deployDirectory Deploying web application directory [C:\Users\ashwi\OneDrive\Documents\SpringMvcHelloWorld1\apache-tomcat-10.1.52\webapps\ROOT]
30-Mar-2026 08:45:34.720 INFO [main] org.apache.catalina.startup.HostConfig.deployDirectory Deployment of web application directory [C:\Users\ashwi\OneDrive\Documents\SpringMvcHelloWorld1\apache-tomcat-10.1.52\webapps\ROOT] has finished in [114] ms
30-Mar-2026 08:45:34.734 INFO [main] org.apache.coyote.AbstractProtocol.start Starting ProtocolHandler ["http-nio-8080"]
30-Mar-2026 08:45:34.810 INFO [main] org.apache.catalina.startup.Catalina.start Server startup in [23605] milliseconds
