27-Mar-2026 07:56:57.076 INFO [main] org.apache.catalina.startup.VersionLoggerListener.log Server version name:   Apache Tomcat/10.1.52
27-Mar-2026 07:56:57.085 INFO [main] org.apache.catalina.startup.VersionLoggerListener.log Server built:          Jan 23 2026 19:29:07 UTC
27-Mar-2026 07:56:57.086 INFO [main] org.apache.catalina.startup.VersionLoggerListener.log Server version number: 10.1.52.0
27-Mar-2026 07:56:57.087 INFO [main] org.apache.catalina.startup.VersionLoggerListener.log OS Name:               Windows 11
27-Mar-2026 07:56:57.088 INFO [main] org.apache.catalina.startup.VersionLoggerListener.log OS Version:            10.0
27-Mar-2026 07:56:57.089 INFO [main] org.apache.catalina.startup.VersionLoggerListener.log Architecture:          amd64
27-Mar-2026 07:56:57.091 INFO [main] org.apache.catalina.startup.VersionLoggerListener.log Java Home:             C:\Program Files\Java\jdk-25.0.2
27-Mar-2026 07:56:57.092 INFO [main] org.apache.catalina.startup.VersionLoggerListener.log JVM Version:           25.0.2+10-LTS-69
27-Mar-2026 07:56:57.095 INFO [main] org.apache.catalina.startup.VersionLoggerListener.log JVM Vendor:            Oracle Corporation
27-Mar-2026 07:56:57.096 INFO [main] org.apache.catalina.startup.VersionLoggerListener.log CATALINA_BASE:         C:\Users\ashwi\OneDrive\Documents\SpringMvcHelloWorld1\apache-tomcat-10.1.52
27-Mar-2026 07:56:57.097 INFO [main] org.apache.catalina.startup.VersionLoggerListener.log CATALINA_HOME:         C:\Users\ashwi\OneDrive\Documents\SpringMvcHelloWorld1\apache-tomcat-10.1.52
27-Mar-2026 07:56:57.133 INFO [main] org.apache.catalina.startup.VersionLoggerListener.log Command line argument: -Djava.util.logging.config.file=C:\Users\ashwi\OneDrive\Documents\SpringMvcHelloWorld1\apache-tomcat-10.1.52\conf\logging.properties
27-Mar-2026 07:56:57.134 INFO [main] org.apache.catalina.startup.VersionLoggerListener.log Command line argument: -Djava.util.logging.manager=org.apache.juli.ClassLoaderLogManager
27-Mar-2026 07:56:57.135 INFO [main] org.apache.catalina.startup.VersionLoggerListener.log Command line argument: -Djdk.tls.ephemeralDHKeySize=2048
27-Mar-2026 07:56:57.135 INFO [main] org.apache.catalina.startup.VersionLoggerListener.log Command line argument: -Djava.protocol.handler.pkgs=org.apache.catalina.webresources
27-Mar-2026 07:56:57.136 INFO [main] org.apache.catalina.startup.VersionLoggerListener.log Command line argument: -Dsun.io.useCanonCaches=false
27-Mar-2026 07:56:57.137 INFO [main] org.apache.catalina.startup.VersionLoggerListener.log Command line argument: --add-opens=java.base/java.lang=ALL-UNNAMED
27-Mar-2026 07:56:57.137 INFO [main] org.apache.catalina.startup.VersionLoggerListener.log Command line argument: --add-opens=java.base/java.lang.reflect=ALL-UNNAMED
27-Mar-2026 07:56:57.139 INFO [main] org.apache.catalina.startup.VersionLoggerListener.log Command line argument: --add-opens=java.base/java.io=ALL-UNNAMED
27-Mar-2026 07:56:57.139 INFO [main] org.apache.catalina.startup.VersionLoggerListener.log Command line argument: --add-opens=java.base/java.util=ALL-UNNAMED
27-Mar-2026 07:56:57.139 INFO [main] org.apache.catalina.startup.VersionLoggerListener.log Command line argument: --add-opens=java.base/java.util.concurrent=ALL-UNNAMED
27-Mar-2026 07:56:57.140 INFO [main] org.apache.catalina.startup.VersionLoggerListener.log Command line argument: --add-opens=java.rmi/sun.rmi.transport=ALL-UNNAMED
27-Mar-2026 07:56:57.141 INFO [main] org.apache.catalina.startup.VersionLoggerListener.log Command line argument: -Dcatalina.base=C:\Users\ashwi\OneDrive\Documents\SpringMvcHelloWorld1\apache-tomcat-10.1.52
27-Mar-2026 07:56:57.141 INFO [main] org.apache.catalina.startup.VersionLoggerListener.log Command line argument: -Dcatalina.home=C:\Users\ashwi\OneDrive\Documents\SpringMvcHelloWorld1\apache-tomcat-10.1.52
27-Mar-2026 07:56:57.141 INFO [main] org.apache.catalina.startup.VersionLoggerListener.log Command line argument: -Djava.io.tmpdir=C:\Users\ashwi\OneDrive\Documents\SpringMvcHelloWorld1\apache-tomcat-10.1.52\temp
27-Mar-2026 07:56:57.164 INFO [main] org.apache.catalina.core.AprLifecycleListener.lifecycleEvent The Apache Tomcat Native library which allows using OpenSSL was not found on the java.library.path: [C:\Program Files\Java\jdk-25.0.2\bin;C:\WINDOWS\Sun\Java\bin;C:\WINDOWS\system32;C:\WINDOWS;C:\Program Files\Common Files\Oracle\Java\javapath;C:\Program Files\Eclipse Adoptium\jdk-17.0.17.10-hotspot\bin;C:\Python314\Scripts\;C:\Python314\;C:\WINDOWS\system32;C:\WINDOWS;C:\WINDOWS\System32\Wbem;C:\WINDOWS\System32\WindowsPowerShell\v1.0\;C:\WINDOWS\System32\OpenSSH\;C:\Program Files (x86)\Microsoft SQL Server\160\Tools\Binn\;C:\Program Files\Microsoft SQL Server\160\Tools\Binn\;C:\Program Files\Microsoft SQL Server\Client SDK\ODBC\170\Tools\Binn\;C:\Program Files\Microsoft SQL Server\160\DTS\Binn\;D:\bin;D:\Git\cmd;D:\NodeJS\;C:\ProgramData\chocolatey\bin;C:\Program Files\apache-maven-3.9.14\bin;C:\Users\ashwi\AppData\Local\Microsoft\WindowsApps;C:\Users\ashwi\AppData\Local\Programs\Microsoft VS Code\bin;C:\Program Files\Azure Data Studio\bin;C:\MinGW\bin;C:\Users\ashwi\AppData\Roaming\npm;C:\Users\ashwi\AppData\Local\Android\Sdk\platform-tools;C:\Users\ashwi\AppData\Local\Programs\Antigravity\bin;.]
27-Mar-2026 07:56:58.045 INFO [main] org.apache.coyote.AbstractProtocol.init Initializing ProtocolHandler ["http-nio-8080"]
27-Mar-2026 07:56:58.173 INFO [main] org.apache.catalina.startup.Catalina.load Server initialization in [1619] milliseconds
27-Mar-2026 07:56:58.363 INFO [main] org.apache.catalina.core.StandardService.startInternal Starting service [Catalina]
27-Mar-2026 07:56:58.365 INFO [main] org.apache.catalina.core.StandardEngine.startInternal Starting Servlet engine: [Apache Tomcat/10.1.52]
27-Mar-2026 07:56:58.476 INFO [main] org.apache.catalina.startup.HostConfig.deployWAR Deploying web application archive [C:\Users\ashwi\OneDrive\Documents\SpringMvcHelloWorld1\apache-tomcat-10.1.52\webapps\SpringMvcHelloWorld.war]
27-Mar-2026 07:56:58.538 INFO [main] org.apache.catalina.startup.ExpandWar.expand An expanded directory [C:\Users\ashwi\OneDrive\Documents\SpringMvcHelloWorld1\apache-tomcat-10.1.52\webapps\SpringMvcHelloWorld] was found with a last modified time that did not match the associated WAR. It will be deleted.
27-Mar-2026 07:57:07.817 INFO [main] org.apache.jasper.servlet.TldScanner.scanJars At least one JAR was scanned for TLDs yet contained no TLDs. Enable debug logging for this logger for a complete list of JARs that were scanned but no TLDs were found in them. Skipping unneeded JARs during scanning can improve startup time and JSP compilation time.
27-Mar-2026 07:57:09.040 INFO [main] org.springframework.web.servlet.FrameworkServlet.initServletBean Initializing Servlet 'dispatcher'
27-Mar-2026 07:57:13.078 INFO [main] org.hibernate.validator.internal.util.Version.<clinit> HV000001: Hibernate Validator 8.0.1.Final
27-Mar-2026 07:57:16.739 INFO [main] org.springframework.web.servlet.FrameworkServlet.initServletBean Completed initialization in 7694 ms
27-Mar-2026 07:57:16.804 INFO [main] org.apache.catalina.startup.HostConfig.deployWAR Deployment of web application archive [C:\Users\ashwi\OneDrive\Documents\SpringMvcHelloWorld1\apache-tomcat-10.1.52\webapps\SpringMvcHelloWorld.war] has finished in [18,314] ms
27-Mar-2026 07:57:16.805 INFO [main] org.apache.catalina.startup.HostConfig.deployDirectory Deploying web application directory [C:\Users\ashwi\OneDrive\Documents\SpringMvcHelloWorld1\apache-tomcat-10.1.52\webapps\docs]
27-Mar-2026 07:57:16.992 INFO [main] org.apache.catalina.startup.HostConfig.deployDirectory Deployment of web application directory [C:\Users\ashwi\OneDrive\Documents\SpringMvcHelloWorld1\apache-tomcat-10.1.52\webapps\docs] has finished in [187] ms
27-Mar-2026 07:57:16.996 INFO [main] org.apache.catalina.startup.HostConfig.deployDirectory Deploying web application directory [C:\Users\ashwi\OneDrive\Documents\SpringMvcHelloWorld1\apache-tomcat-10.1.52\webapps\examples]
27-Mar-2026 07:57:19.827 INFO [main] org.apache.catalina.startup.HostConfig.deployDirectory Deployment of web application directory [C:\Users\ashwi\OneDrive\Documents\SpringMvcHelloWorld1\apache-tomcat-10.1.52\webapps\examples] has finished in [2,829] ms
27-Mar-2026 07:57:19.839 INFO [main] org.apache.catalina.startup.HostConfig.deployDirectory Deploying web application directory [C:\Users\ashwi\OneDrive\Documents\SpringMvcHelloWorld1\apache-tomcat-10.1.52\webapps\host-manager]
27-Mar-2026 07:57:20.029 INFO [main] org.apache.catalina.startup.HostConfig.deployDirectory Deployment of web application directory [C:\Users\ashwi\OneDrive\Documents\SpringMvcHelloWorld1\apache-tomcat-10.1.52\webapps\host-manager] has finished in [190] ms
27-Mar-2026 07:57:20.029 INFO [main] org.apache.catalina.startup.HostConfig.deployDirectory Deploying web application directory [C:\Users\ashwi\OneDrive\Documents\SpringMvcHelloWorld1\apache-tomcat-10.1.52\webapps\manager]
27-Mar-2026 07:57:20.253 INFO [main] org.apache.catalina.startup.HostConfig.deployDirectory Deployment of web application directory [C:\Users\ashwi\OneDrive\Documents\SpringMvcHelloWorld1\apache-tomcat-10.1.52\webapps\manager] has finished in [224] ms
27-Mar-2026 07:57:20.253 INFO [main] org.apache.catalina.startup.HostConfig.deployDirectory Deploying web application directory [C:\Users\ashwi\OneDrive\Documents\SpringMvcHelloWorld1\apache-tomcat-10.1.52\webapps\ROOT]
27-Mar-2026 07:57:20.378 INFO [main] org.apache.catalina.startup.HostConfig.deployDirectory Deployment of web application directory [C:\Users\ashwi\OneDrive\Documents\SpringMvcHelloWorld1\apache-tomcat-10.1.52\webapps\ROOT] has finished in [125] ms
27-Mar-2026 07:57:20.395 INFO [main] org.apache.coyote.AbstractProtocol.start Starting ProtocolHandler ["http-nio-8080"]
27-Mar-2026 07:57:20.490 INFO [main] org.apache.catalina.startup.Catalina.start Server startup in [22303] milliseconds
27-Mar-2026 07:57:39.615 INFO [main] org.apache.catalina.core.StandardServer.await A valid shutdown command was received via the shutdown port. Stopping the Server instance.
27-Mar-2026 07:57:39.618 INFO [main] org.apache.coyote.AbstractProtocol.pause Pausing ProtocolHandler ["http-nio-8080"]
27-Mar-2026 07:57:39.649 INFO [main] org.apache.catalina.core.StandardService.stopInternal Stopping service [Catalina]
27-Mar-2026 07:57:39.713 INFO [main] org.apache.coyote.AbstractProtocol.stop Stopping ProtocolHandler ["http-nio-8080"]
27-Mar-2026 07:57:39.735 INFO [main] org.apache.coyote.AbstractProtocol.destroy Destroying ProtocolHandler ["http-nio-8080"]
27-Mar-2026 08:07:04.700 INFO [main] org.apache.catalina.startup.VersionLoggerListener.log Server version name:   Apache Tomcat/10.1.52
27-Mar-2026 08:07:04.713 INFO [main] org.apache.catalina.startup.VersionLoggerListener.log Server built:          Jan 23 2026 19:29:07 UTC
27-Mar-2026 08:07:04.721 INFO [main] org.apache.catalina.startup.VersionLoggerListener.log Server version number: 10.1.52.0
27-Mar-2026 08:07:04.722 INFO [main] org.apache.catalina.startup.VersionLoggerListener.log OS Name:               Windows 11
27-Mar-2026 08:07:04.722 INFO [main] org.apache.catalina.startup.VersionLoggerListener.log OS Version:            10.0
27-Mar-2026 08:07:04.722 INFO [main] org.apache.catalina.startup.VersionLoggerListener.log Architecture:          amd64
27-Mar-2026 08:07:04.723 INFO [main] org.apache.catalina.startup.VersionLoggerListener.log Java Home:             C:\Program Files\Java\jdk-25.0.2
27-Mar-2026 08:07:04.724 INFO [main] org.apache.catalina.startup.VersionLoggerListener.log JVM Version:           25.0.2+10-LTS-69
27-Mar-2026 08:07:04.725 INFO [main] org.apache.catalina.startup.VersionLoggerListener.log JVM Vendor:            Oracle Corporation
27-Mar-2026 08:07:04.726 INFO [main] org.apache.catalina.startup.VersionLoggerListener.log CATALINA_BASE:         C:\Users\ashwi\OneDrive\Documents\SpringMvcHelloWorld1\apache-tomcat-10.1.52
27-Mar-2026 08:07:04.727 INFO [main] org.apache.catalina.startup.VersionLoggerListener.log CATALINA_HOME:         C:\Users\ashwi\OneDrive\Documents\SpringMvcHelloWorld1\apache-tomcat-10.1.52
27-Mar-2026 08:07:04.756 INFO [main] org.apache.catalina.startup.VersionLoggerListener.log Command line argument: -Djava.util.logging.config.file=C:\Users\ashwi\OneDrive\Documents\SpringMvcHelloWorld1\apache-tomcat-10.1.52\conf\logging.properties
27-Mar-2026 08:07:04.756 INFO [main] org.apache.catalina.startup.VersionLoggerListener.log Command line argument: -Djava.util.logging.manager=org.apache.juli.ClassLoaderLogManager
27-Mar-2026 08:07:04.757 INFO [main] org.apache.catalina.startup.VersionLoggerListener.log Command line argument: -Djdk.tls.ephemeralDHKeySize=2048
27-Mar-2026 08:07:04.757 INFO [main] org.apache.catalina.startup.VersionLoggerListener.log Command line argument: -Djava.protocol.handler.pkgs=org.apache.catalina.webresources
27-Mar-2026 08:07:04.757 INFO [main] org.apache.catalina.startup.VersionLoggerListener.log Command line argument: -Dsun.io.useCanonCaches=false
27-Mar-2026 08:07:04.758 INFO [main] org.apache.catalina.startup.VersionLoggerListener.log Command line argument: --add-opens=java.base/java.lang=ALL-UNNAMED
27-Mar-2026 08:07:04.758 INFO [main] org.apache.catalina.startup.VersionLoggerListener.log Command line argument: --add-opens=java.base/java.lang.reflect=ALL-UNNAMED
27-Mar-2026 08:07:04.758 INFO [main] org.apache.catalina.startup.VersionLoggerListener.log Command line argument: --add-opens=java.base/java.io=ALL-UNNAMED
27-Mar-2026 08:07:04.759 INFO [main] org.apache.catalina.startup.VersionLoggerListener.log Command line argument: --add-opens=java.base/java.util=ALL-UNNAMED
27-Mar-2026 08:07:04.759 INFO [main] org.apache.catalina.startup.VersionLoggerListener.log Command line argument: --add-opens=java.base/java.util.concurrent=ALL-UNNAMED
27-Mar-2026 08:07:04.759 INFO [main] org.apache.catalina.startup.VersionLoggerListener.log Command line argument: --add-opens=java.rmi/sun.rmi.transport=ALL-UNNAMED
27-Mar-2026 08:07:04.760 INFO [main] org.apache.catalina.startup.VersionLoggerListener.log Command line argument: -Dcatalina.base=C:\Users\ashwi\OneDrive\Documents\SpringMvcHelloWorld1\apache-tomcat-10.1.52
27-Mar-2026 08:07:04.760 INFO [main] org.apache.catalina.startup.VersionLoggerListener.log Command line argument: -Dcatalina.home=C:\Users\ashwi\OneDrive\Documents\SpringMvcHelloWorld1\apache-tomcat-10.1.52
27-Mar-2026 08:07:04.760 INFO [main] org.apache.catalina.startup.VersionLoggerListener.log Command line argument: -Djava.io.tmpdir=C:\Users\ashwi\OneDrive\Documents\SpringMvcHelloWorld1\apache-tomcat-10.1.52\temp
27-Mar-2026 08:07:04.784 INFO [main] org.apache.catalina.core.AprLifecycleListener.lifecycleEvent The Apache Tomcat Native library which allows using OpenSSL was not found on the java.library.path: [C:\Program Files\Java\jdk-25.0.2\bin;C:\WINDOWS\Sun\Java\bin;C:\WINDOWS\system32;C:\WINDOWS;C:\Program Files\Common Files\Oracle\Java\javapath;C:\Program Files\Eclipse Adoptium\jdk-17.0.17.10-hotspot\bin;C:\Python314\Scripts\;C:\Python314\;C:\WINDOWS\system32;C:\WINDOWS;C:\WINDOWS\System32\Wbem;C:\WINDOWS\System32\WindowsPowerShell\v1.0\;C:\WINDOWS\System32\OpenSSH\;C:\Program Files (x86)\Microsoft SQL Server\160\Tools\Binn\;C:\Program Files\Microsoft SQL Server\160\Tools\Binn\;C:\Program Files\Microsoft SQL Server\Client SDK\ODBC\170\Tools\Binn\;C:\Program Files\Microsoft SQL Server\160\DTS\Binn\;D:\bin;D:\Git\cmd;D:\NodeJS\;C:\ProgramData\chocolatey\bin;C:\Program Files\apache-maven-3.9.14\bin;C:\Users\ashwi\AppData\Local\Microsoft\WindowsApps;C:\Users\ashwi\AppData\Local\Programs\Microsoft VS Code\bin;C:\Program Files\Azure Data Studio\bin;C:\MinGW\bin;C:\Users\ashwi\AppData\Roaming\npm;C:\Users\ashwi\AppData\Local\Android\Sdk\platform-tools;C:\Users\ashwi\AppData\Local\Programs\Antigravity\bin;.]
27-Mar-2026 08:07:05.423 INFO [main] org.apache.coyote.AbstractProtocol.init Initializing ProtocolHandler ["http-nio-8080"]
27-Mar-2026 08:07:05.486 INFO [main] org.apache.catalina.startup.Catalina.load Server initialization in [1416] milliseconds
27-Mar-2026 08:07:05.611 INFO [main] org.apache.catalina.core.StandardService.startInternal Starting service [Catalina]
27-Mar-2026 08:07:05.613 INFO [main] org.apache.catalina.core.StandardEngine.startInternal Starting Servlet engine: [Apache Tomcat/10.1.52]
27-Mar-2026 08:07:05.710 INFO [main] org.apache.catalina.startup.HostConfig.deployWAR Deploying web application archive [C:\Users\ashwi\OneDrive\Documents\SpringMvcHelloWorld1\apache-tomcat-10.1.52\webapps\SpringMvcHelloWorld.war]
27-Mar-2026 08:07:14.300 INFO [main] org.apache.jasper.servlet.TldScanner.scanJars At least one JAR was scanned for TLDs yet contained no TLDs. Enable debug logging for this logger for a complete list of JARs that were scanned but no TLDs were found in them. Skipping unneeded JARs during scanning can improve startup time and JSP compilation time.
27-Mar-2026 08:07:15.286 INFO [main] org.springframework.web.servlet.FrameworkServlet.initServletBean Initializing Servlet 'dispatcher'
27-Mar-2026 08:07:19.139 INFO [main] org.hibernate.validator.internal.util.Version.<clinit> HV000001: Hibernate Validator 8.0.1.Final
27-Mar-2026 08:07:22.411 INFO [main] org.springframework.web.servlet.FrameworkServlet.initServletBean Completed initialization in 7122 ms
27-Mar-2026 08:07:22.463 INFO [main] org.apache.catalina.startup.HostConfig.deployWAR Deployment of web application archive [C:\Users\ashwi\OneDrive\Documents\SpringMvcHelloWorld1\apache-tomcat-10.1.52\webapps\SpringMvcHelloWorld.war] has finished in [16,740] ms
27-Mar-2026 08:07:22.467 INFO [main] org.apache.catalina.startup.HostConfig.deployDirectory Deploying web application directory [C:\Users\ashwi\OneDrive\Documents\SpringMvcHelloWorld1\apache-tomcat-10.1.52\webapps\docs]
27-Mar-2026 08:07:22.615 INFO [main] org.apache.catalina.startup.HostConfig.deployDirectory Deployment of web application directory [C:\Users\ashwi\OneDrive\Documents\SpringMvcHelloWorld1\apache-tomcat-10.1.52\webapps\docs] has finished in [147] ms
27-Mar-2026 08:07:22.619 INFO [main] org.apache.catalina.startup.HostConfig.deployDirectory Deploying web application directory [C:\Users\ashwi\OneDrive\Documents\SpringMvcHelloWorld1\apache-tomcat-10.1.52\webapps\examples]
27-Mar-2026 08:07:24.115 INFO [main] org.apache.catalina.startup.HostConfig.deployDirectory Deployment of web application directory [C:\Users\ashwi\OneDrive\Documents\SpringMvcHelloWorld1\apache-tomcat-10.1.52\webapps\examples] has finished in [1,495] ms
27-Mar-2026 08:07:24.116 INFO [main] org.apache.catalina.startup.HostConfig.deployDirectory Deploying web application directory [C:\Users\ashwi\OneDrive\Documents\SpringMvcHelloWorld1\apache-tomcat-10.1.52\webapps\host-manager]
27-Mar-2026 08:07:24.281 INFO [main] org.apache.catalina.startup.HostConfig.deployDirectory Deployment of web application directory [C:\Users\ashwi\OneDrive\Documents\SpringMvcHelloWorld1\apache-tomcat-10.1.52\webapps\host-manager] has finished in [165] ms
27-Mar-2026 08:07:24.282 INFO [main] org.apache.catalina.startup.HostConfig.deployDirectory Deploying web application directory [C:\Users\ashwi\OneDrive\Documents\SpringMvcHelloWorld1\apache-tomcat-10.1.52\webapps\manager]
27-Mar-2026 08:07:24.409 INFO [main] org.apache.catalina.startup.HostConfig.deployDirectory Deployment of web application directory [C:\Users\ashwi\OneDrive\Documents\SpringMvcHelloWorld1\apache-tomcat-10.1.52\webapps\manager] has finished in [127] ms
27-Mar-2026 08:07:24.411 INFO [main] org.apache.catalina.startup.HostConfig.deployDirectory Deploying web application directory [C:\Users\ashwi\OneDrive\Documents\SpringMvcHelloWorld1\apache-tomcat-10.1.52\webapps\ROOT]
27-Mar-2026 08:07:24.494 INFO [main] org.apache.catalina.startup.HostConfig.deployDirectory Deployment of web application directory [C:\Users\ashwi\OneDrive\Documents\SpringMvcHelloWorld1\apache-tomcat-10.1.52\webapps\ROOT] has finished in [82] ms
27-Mar-2026 08:07:24.503 INFO [main] org.apache.coyote.AbstractProtocol.start Starting ProtocolHandler ["http-nio-8080"]
27-Mar-2026 08:07:24.566 INFO [main] org.apache.catalina.startup.Catalina.start Server startup in [19072] milliseconds
27-Mar-2026 08:42:20.550 INFO [Catalina-utility-1] org.apache.catalina.startup.HostConfig.undeploy Undeploying context [/SpringMvcHelloWorld]
27-Mar-2026 08:42:21.758 SEVERE [Catalina-utility-1] org.apache.catalina.startup.ExpandWar.deleteDir [C:\Users\ashwi\OneDrive\Documents\SpringMvcHelloWorld1\apache-tomcat-10.1.52\work\Catalina\localhost\SpringMvcHelloWorld\org\apache\jsp\WEB_002dINF\views] could not be completely deleted. The presence of the remaining files may cause problems
27-Mar-2026 08:42:21.777 SEVERE [Catalina-utility-1] org.apache.catalina.startup.ExpandWar.deleteDir [C:\Users\ashwi\OneDrive\Documents\SpringMvcHelloWorld1\apache-tomcat-10.1.52\work\Catalina\localhost\SpringMvcHelloWorld\org\apache\jsp\WEB_002dINF] could not be completely deleted. The presence of the remaining files may cause problems
27-Mar-2026 08:42:21.783 SEVERE [Catalina-utility-1] org.apache.catalina.startup.ExpandWar.deleteDir [C:\Users\ashwi\OneDrive\Documents\SpringMvcHelloWorld1\apache-tomcat-10.1.52\work\Catalina\localhost\SpringMvcHelloWorld\org\apache\jsp] could not be completely deleted. The presence of the remaining files may cause problems
27-Mar-2026 08:42:21.792 SEVERE [Catalina-utility-1] org.apache.catalina.startup.ExpandWar.deleteDir [C:\Users\ashwi\OneDrive\Documents\SpringMvcHelloWorld1\apache-tomcat-10.1.52\work\Catalina\localhost\SpringMvcHelloWorld\org\apache] could not be completely deleted. The presence of the remaining files may cause problems
27-Mar-2026 08:42:21.809 SEVERE [Catalina-utility-1] org.apache.catalina.startup.ExpandWar.deleteDir [C:\Users\ashwi\OneDrive\Documents\SpringMvcHelloWorld1\apache-tomcat-10.1.52\work\Catalina\localhost\SpringMvcHelloWorld\org] could not be completely deleted. The presence of the remaining files may cause problems
27-Mar-2026 08:42:21.814 SEVERE [Catalina-utility-1] org.apache.catalina.startup.ExpandWar.deleteDir [C:\Users\ashwi\OneDrive\Documents\SpringMvcHelloWorld1\apache-tomcat-10.1.52\work\Catalina\localhost\SpringMvcHelloWorld] could not be completely deleted. The presence of the remaining files may cause problems
27-Mar-2026 08:42:21.814 SEVERE [Catalina-utility-1] org.apache.catalina.startup.ExpandWar.delete [C:\Users\ashwi\OneDrive\Documents\SpringMvcHelloWorld1\apache-tomcat-10.1.52\work\Catalina\localhost\SpringMvcHelloWorld] could not be completely deleted. The presence of the remaining files may cause problems
27-Mar-2026 08:44:10.837 INFO [main] org.apache.catalina.core.StandardServer.await A valid shutdown command was received via the shutdown port. Stopping the Server instance.
27-Mar-2026 08:44:10.839 INFO [main] org.apache.coyote.AbstractProtocol.pause Pausing ProtocolHandler ["http-nio-8080"]
27-Mar-2026 08:44:10.900 INFO [main] org.apache.catalina.core.StandardService.stopInternal Stopping service [Catalina]
27-Mar-2026 08:44:10.972 INFO [main] org.apache.coyote.AbstractProtocol.stop Stopping ProtocolHandler ["http-nio-8080"]
27-Mar-2026 08:44:11.005 INFO [main] org.apache.coyote.AbstractProtocol.destroy Destroying ProtocolHandler ["http-nio-8080"]
27-Mar-2026 08:45:54.478 INFO [main] org.apache.catalina.startup.VersionLoggerListener.log Server version name:   Apache Tomcat/10.1.52
27-Mar-2026 08:45:54.481 INFO [main] org.apache.catalina.startup.VersionLoggerListener.log Server built:          Jan 23 2026 19:29:07 UTC
27-Mar-2026 08:45:54.483 INFO [main] org.apache.catalina.startup.VersionLoggerListener.log Server version number: 10.1.52.0
27-Mar-2026 08:45:54.484 INFO [main] org.apache.catalina.startup.VersionLoggerListener.log OS Name:               Windows 11
27-Mar-2026 08:45:54.484 INFO [main] org.apache.catalina.startup.VersionLoggerListener.log OS Version:            10.0
27-Mar-2026 08:45:54.485 INFO [main] org.apache.catalina.startup.VersionLoggerListener.log Architecture:          amd64
27-Mar-2026 08:45:54.485 INFO [main] org.apache.catalina.startup.VersionLoggerListener.log Java Home:             C:\Program Files\Java\jdk-25.0.2
27-Mar-2026 08:45:54.485 INFO [main] org.apache.catalina.startup.VersionLoggerListener.log JVM Version:           25.0.2+10-LTS-69
27-Mar-2026 08:45:54.486 INFO [main] org.apache.catalina.startup.VersionLoggerListener.log JVM Vendor:            Oracle Corporation
27-Mar-2026 08:45:54.486 INFO [main] org.apache.catalina.startup.VersionLoggerListener.log CATALINA_BASE:         C:\Users\ashwi\OneDrive\Documents\SpringMvcHelloWorld1\apache-tomcat-10.1.52
27-Mar-2026 08:45:54.486 INFO [main] org.apache.catalina.startup.VersionLoggerListener.log CATALINA_HOME:         C:\Users\ashwi\OneDrive\Documents\SpringMvcHelloWorld1\apache-tomcat-10.1.52
27-Mar-2026 08:45:54.509 INFO [main] org.apache.catalina.startup.VersionLoggerListener.log Command line argument: -Djava.util.logging.config.file=C:\Users\ashwi\OneDrive\Documents\SpringMvcHelloWorld1\apache-tomcat-10.1.52\conf\logging.properties
27-Mar-2026 08:45:54.509 INFO [main] org.apache.catalina.startup.VersionLoggerListener.log Command line argument: -Djava.util.logging.manager=org.apache.juli.ClassLoaderLogManager
27-Mar-2026 08:45:54.509 INFO [main] org.apache.catalina.startup.VersionLoggerListener.log Command line argument: -Djdk.tls.ephemeralDHKeySize=2048
27-Mar-2026 08:45:54.510 INFO [main] org.apache.catalina.startup.VersionLoggerListener.log Command line argument: -Djava.protocol.handler.pkgs=org.apache.catalina.webresources
27-Mar-2026 08:45:54.510 INFO [main] org.apache.catalina.startup.VersionLoggerListener.log Command line argument: -Dsun.io.useCanonCaches=false
27-Mar-2026 08:45:54.510 INFO [main] org.apache.catalina.startup.VersionLoggerListener.log Command line argument: --add-opens=java.base/java.lang=ALL-UNNAMED
27-Mar-2026 08:45:54.510 INFO [main] org.apache.catalina.startup.VersionLoggerListener.log Command line argument: --add-opens=java.base/java.lang.reflect=ALL-UNNAMED
27-Mar-2026 08:45:54.510 INFO [main] org.apache.catalina.startup.VersionLoggerListener.log Command line argument: --add-opens=java.base/java.io=ALL-UNNAMED
27-Mar-2026 08:45:54.510 INFO [main] org.apache.catalina.startup.VersionLoggerListener.log Command line argument: --add-opens=java.base/java.util=ALL-UNNAMED
27-Mar-2026 08:45:54.510 INFO [main] org.apache.catalina.startup.VersionLoggerListener.log Command line argument: --add-opens=java.base/java.util.concurrent=ALL-UNNAMED
27-Mar-2026 08:45:54.510 INFO [main] org.apache.catalina.startup.VersionLoggerListener.log Command line argument: --add-opens=java.rmi/sun.rmi.transport=ALL-UNNAMED
27-Mar-2026 08:45:54.511 INFO [main] org.apache.catalina.startup.VersionLoggerListener.log Command line argument: -Dcatalina.base=C:\Users\ashwi\OneDrive\Documents\SpringMvcHelloWorld1\apache-tomcat-10.1.52
27-Mar-2026 08:45:54.511 INFO [main] org.apache.catalina.startup.VersionLoggerListener.log Command line argument: -Dcatalina.home=C:\Users\ashwi\OneDrive\Documents\SpringMvcHelloWorld1\apache-tomcat-10.1.52
27-Mar-2026 08:45:54.511 INFO [main] org.apache.catalina.startup.VersionLoggerListener.log Command line argument: -Djava.io.tmpdir=C:\Users\ashwi\OneDrive\Documents\SpringMvcHelloWorld1\apache-tomcat-10.1.52\temp
27-Mar-2026 08:45:54.525 INFO [main] org.apache.catalina.core.AprLifecycleListener.lifecycleEvent The Apache Tomcat Native library which allows using OpenSSL was not found on the java.library.path: [C:\Program Files\Java\jdk-25.0.2\bin;C:\WINDOWS\Sun\Java\bin;C:\WINDOWS\system32;C:\WINDOWS;C:\Program Files\Common Files\Oracle\Java\javapath;C:\Program Files\Eclipse Adoptium\jdk-17.0.17.10-hotspot\bin;C:\Python314\Scripts\;C:\Python314\;C:\WINDOWS\system32;C:\WINDOWS;C:\WINDOWS\System32\Wbem;C:\WINDOWS\System32\WindowsPowerShell\v1.0\;C:\WINDOWS\System32\OpenSSH\;C:\Program Files (x86)\Microsoft SQL Server\160\Tools\Binn\;C:\Program Files\Microsoft SQL Server\160\Tools\Binn\;C:\Program Files\Microsoft SQL Server\Client SDK\ODBC\170\Tools\Binn\;C:\Program Files\Microsoft SQL Server\160\DTS\Binn\;D:\bin;D:\Git\cmd;D:\NodeJS\;C:\ProgramData\chocolatey\bin;C:\Program Files\apache-maven-3.9.14\bin;C:\Users\ashwi\AppData\Local\Microsoft\WindowsApps;C:\Users\ashwi\AppData\Local\Programs\Microsoft VS Code\bin;C:\Program Files\Azure Data Studio\bin;C:\MinGW\bin;C:\Users\ashwi\AppData\Roaming\npm;C:\Users\ashwi\AppData\Local\Android\Sdk\platform-tools;C:\Users\ashwi\AppData\Local\Programs\Antigravity\bin;.]
27-Mar-2026 08:45:54.927 INFO [main] org.apache.coyote.AbstractProtocol.init Initializing ProtocolHandler ["http-nio-8080"]
27-Mar-2026 08:45:54.965 INFO [main] org.apache.catalina.startup.Catalina.load Server initialization in [733] milliseconds
27-Mar-2026 08:45:55.048 INFO [main] org.apache.catalina.core.StandardService.startInternal Starting service [Catalina]
27-Mar-2026 08:45:55.048 INFO [main] org.apache.catalina.core.StandardEngine.startInternal Starting Servlet engine: [Apache Tomcat/10.1.52]
27-Mar-2026 08:45:55.104 INFO [main] org.apache.catalina.startup.HostConfig.deployWAR Deploying web application archive [C:\Users\ashwi\OneDrive\Documents\SpringMvcHelloWorld1\apache-tomcat-10.1.52\webapps\SpringMvcHelloWorld.war]
27-Mar-2026 08:46:00.135 INFO [main] org.apache.jasper.servlet.TldScanner.scanJars At least one JAR was scanned for TLDs yet contained no TLDs. Enable debug logging for this logger for a complete list of JARs that were scanned but no TLDs were found in them. Skipping unneeded JARs during scanning can improve startup time and JSP compilation time.
27-Mar-2026 08:46:00.749 INFO [main] org.springframework.web.servlet.FrameworkServlet.initServletBean Initializing Servlet 'dispatcher'
27-Mar-2026 08:46:07.525 INFO [main] org.hibernate.validator.internal.util.Version.<clinit> HV000001: Hibernate Validator 8.0.1.Final
27-Mar-2026 08:46:10.719 INFO [main] org.springframework.web.servlet.FrameworkServlet.initServletBean Completed initialization in 9969 ms
27-Mar-2026 08:46:10.749 INFO [main] org.apache.catalina.startup.HostConfig.deployWAR Deployment of web application archive [C:\Users\ashwi\OneDrive\Documents\SpringMvcHelloWorld1\apache-tomcat-10.1.52\webapps\SpringMvcHelloWorld.war] has finished in [15,639] ms
27-Mar-2026 08:46:10.751 INFO [main] org.apache.catalina.startup.HostConfig.deployDirectory Deploying web application directory [C:\Users\ashwi\OneDrive\Documents\SpringMvcHelloWorld1\apache-tomcat-10.1.52\webapps\docs]
27-Mar-2026 08:46:10.844 INFO [main] org.apache.catalina.startup.HostConfig.deployDirectory Deployment of web application directory [C:\Users\ashwi\OneDrive\Documents\SpringMvcHelloWorld1\apache-tomcat-10.1.52\webapps\docs] has finished in [92] ms
27-Mar-2026 08:46:10.844 INFO [main] org.apache.catalina.startup.HostConfig.deployDirectory Deploying web application directory [C:\Users\ashwi\OneDrive\Documents\SpringMvcHelloWorld1\apache-tomcat-10.1.52\webapps\examples]
27-Mar-2026 08:46:12.075 INFO [main] org.apache.catalina.startup.HostConfig.deployDirectory Deployment of web application directory [C:\Users\ashwi\OneDrive\Documents\SpringMvcHelloWorld1\apache-tomcat-10.1.52\webapps\examples] has finished in [1,231] ms
27-Mar-2026 08:46:12.077 INFO [main] org.apache.catalina.startup.HostConfig.deployDirectory Deploying web application directory [C:\Users\ashwi\OneDrive\Documents\SpringMvcHelloWorld1\apache-tomcat-10.1.52\webapps\host-manager]
27-Mar-2026 08:46:12.196 INFO [main] org.apache.catalina.startup.HostConfig.deployDirectory Deployment of web application directory [C:\Users\ashwi\OneDrive\Documents\SpringMvcHelloWorld1\apache-tomcat-10.1.52\webapps\host-manager] has finished in [119] ms
27-Mar-2026 08:46:12.197 INFO [main] org.apache.catalina.startup.HostConfig.deployDirectory Deploying web application directory [C:\Users\ashwi\OneDrive\Documents\SpringMvcHelloWorld1\apache-tomcat-10.1.52\webapps\manager]
27-Mar-2026 08:46:12.304 INFO [main] org.apache.catalina.startup.HostConfig.deployDirectory Deployment of web application directory [C:\Users\ashwi\OneDrive\Documents\SpringMvcHelloWorld1\apache-tomcat-10.1.52\webapps\manager] has finished in [107] ms
27-Mar-2026 08:46:12.305 INFO [main] org.apache.catalina.startup.HostConfig.deployDirectory Deploying web application directory [C:\Users\ashwi\OneDrive\Documents\SpringMvcHelloWorld1\apache-tomcat-10.1.52\webapps\ROOT]
27-Mar-2026 08:46:12.370 INFO [main] org.apache.catalina.startup.HostConfig.deployDirectory Deployment of web application directory [C:\Users\ashwi\OneDrive\Documents\SpringMvcHelloWorld1\apache-tomcat-10.1.52\webapps\ROOT] has finished in [66] ms
27-Mar-2026 08:46:12.377 INFO [main] org.apache.coyote.AbstractProtocol.start Starting ProtocolHandler ["http-nio-8080"]
27-Mar-2026 08:46:12.423 INFO [main] org.apache.catalina.startup.Catalina.start Server startup in [17454] milliseconds
