27-Mar-2026 07:57:08.059 INFO [main] org.apache.catalina.core.ApplicationContext.log No Spring WebApplicationInitializer types detected on classpath
27-Mar-2026 07:57:09.040 INFO [main] org.apache.catalina.core.ApplicationContext.log Initializing Spring DispatcherServlet 'dispatcher'
27-Mar-2026 07:57:19.749 INFO [main] org.apache.catalina.core.ApplicationContext.log ContextListener: contextInitialized()
27-Mar-2026 07:57:19.755 INFO [main] org.apache.catalina.core.ApplicationContext.log SessionListener: contextInitialized()
27-Mar-2026 07:57:19.769 INFO [main] org.apache.catalina.core.ApplicationContext.log ContextListener: attributeAdded('StockTicker', 'async.Stockticker@5e9db5e7')
27-Mar-2026 07:57:39.681 INFO [main] org.apache.catalina.core.ApplicationContext.log Destroying Spring FrameworkServlet 'dispatcher'
27-Mar-2026 07:57:39.681 INFO [main] org.apache.catalina.core.ApplicationContext.log SessionListener: contextDestroyed()
27-Mar-2026 07:57:39.681 INFO [main] org.apache.catalina.core.ApplicationContext.log ContextListener: contextDestroyed()
27-Mar-2026 08:07:14.511 INFO [main] org.apache.catalina.core.ApplicationContext.log No Spring WebApplicationInitializer types detected on classpath
27-Mar-2026 08:07:15.286 INFO [main] org.apache.catalina.core.ApplicationContext.log Initializing Spring DispatcherServlet 'dispatcher'
27-Mar-2026 08:07:24.077 INFO [main] org.apache.catalina.core.ApplicationContext.log ContextListener: contextInitialized()
27-Mar-2026 08:07:24.077 INFO [main] org.apache.catalina.core.ApplicationContext.log SessionListener: contextInitialized()
27-Mar-2026 08:07:24.084 INFO [main] org.apache.catalina.core.ApplicationContext.log ContextListener: attributeAdded('StockTicker', 'async.Stockticker@64934acd')
27-Mar-2026 08:42:20.944 INFO [Catalina-utility-1] org.apache.catalina.core.ApplicationContext.log Destroying Spring FrameworkServlet 'dispatcher'
27-Mar-2026 08:44:10.922 INFO [main] org.apache.catalina.core.ApplicationContext.log SessionListener: contextDestroyed()
27-Mar-2026 08:44:10.922 INFO [main] org.apache.catalina.core.ApplicationContext.log ContextListener: contextDestroyed()
27-Mar-2026 08:46:00.262 INFO [main] org.apache.catalina.core.ApplicationContext.log No Spring WebApplicationInitializer types detected on classpath
27-Mar-2026 08:46:00.748 INFO [main] org.apache.catalina.core.ApplicationContext.log Initializing Spring DispatcherServlet 'dispatcher'
27-Mar-2026 08:46:12.022 INFO [main] org.apache.catalina.core.ApplicationContext.log ContextListener: contextInitialized()
27-Mar-2026 08:46:12.022 INFO [main] org.apache.catalina.core.ApplicationContext.log SessionListener: contextInitialized()
27-Mar-2026 08:46:12.032 INFO [main] org.apache.catalina.core.ApplicationContext.log ContextListener: attributeAdded('StockTicker', 'async.Stockticker@3c251258')
