20-Mar-2026 08:32:51.582 INFO [main] org.apache.catalina.core.ApplicationContext.log No Spring WebApplicationInitializer types detected on classpath
20-Mar-2026 08:32:56.306 INFO [main] org.apache.catalina.core.ApplicationContext.log Initializing Spring DispatcherServlet 'dispatcher'
20-Mar-2026 08:33:31.595 INFO [main] org.apache.catalina.core.ApplicationContext.log ContextListener: contextInitialized()
20-Mar-2026 08:33:31.595 INFO [main] org.apache.catalina.core.ApplicationContext.log SessionListener: contextInitialized()
20-Mar-2026 08:33:31.612 INFO [main] org.apache.catalina.core.ApplicationContext.log ContextListener: attributeAdded('StockTicker', 'async.Stockticker@4dd90166')
20-Mar-2026 08:41:33.655 INFO [Catalina-utility-1] org.apache.catalina.core.ApplicationContext.log Destroying Spring FrameworkServlet 'dispatcher'
20-Mar-2026 08:41:38.437 INFO [main] org.apache.catalina.core.ApplicationContext.log SessionListener: contextDestroyed()
20-Mar-2026 08:41:38.437 INFO [main] org.apache.catalina.core.ApplicationContext.log ContextListener: contextDestroyed()
20-Mar-2026 08:42:21.195 INFO [main] org.apache.catalina.core.ApplicationContext.log ContextListener: contextInitialized()
20-Mar-2026 08:42:21.195 INFO [main] org.apache.catalina.core.ApplicationContext.log SessionListener: contextInitialized()
20-Mar-2026 08:42:21.209 INFO [main] org.apache.catalina.core.ApplicationContext.log ContextListener: attributeAdded('StockTicker', 'async.Stockticker@2dbf4cbd')
20-Mar-2026 08:45:02.486 INFO [main] org.apache.catalina.core.ApplicationContext.log SessionListener: contextDestroyed()
20-Mar-2026 08:45:02.486 INFO [main] org.apache.catalina.core.ApplicationContext.log ContextListener: contextDestroyed()
20-Mar-2026 08:45:40.528 INFO [main] org.apache.catalina.core.ApplicationContext.log ContextListener: contextInitialized()
20-Mar-2026 08:45:40.528 INFO [main] org.apache.catalina.core.ApplicationContext.log SessionListener: contextInitialized()
20-Mar-2026 08:45:40.536 INFO [main] org.apache.catalina.core.ApplicationContext.log ContextListener: attributeAdded('StockTicker', 'async.Stockticker@293d0107')
20-Mar-2026 08:50:46.451 INFO [main] org.apache.catalina.core.ApplicationContext.log ContextListener: contextInitialized()
20-Mar-2026 08:50:46.451 INFO [main] org.apache.catalina.core.ApplicationContext.log SessionListener: contextInitialized()
20-Mar-2026 08:50:46.458 INFO [main] org.apache.catalina.core.ApplicationContext.log ContextListener: attributeAdded('StockTicker', 'async.Stockticker@2dbf4cbd')
20-Mar-2026 08:55:49.062 INFO [main] org.apache.catalina.core.ApplicationContext.log SessionListener: contextDestroyed()
20-Mar-2026 08:55:49.062 INFO [main] org.apache.catalina.core.ApplicationContext.log ContextListener: contextDestroyed()
20-Mar-2026 08:56:25.037 INFO [main] org.apache.catalina.core.ApplicationContext.log ContextListener: contextInitialized()
20-Mar-2026 08:56:25.037 INFO [main] org.apache.catalina.core.ApplicationContext.log SessionListener: contextInitialized()
20-Mar-2026 08:56:25.042 INFO [main] org.apache.catalina.core.ApplicationContext.log ContextListener: attributeAdded('StockTicker', 'async.Stockticker@7fc44dec')
20-Mar-2026 09:11:23.670 INFO [main] org.apache.catalina.core.ApplicationContext.log ContextListener: contextInitialized()
20-Mar-2026 09:11:23.671 INFO [main] org.apache.catalina.core.ApplicationContext.log SessionListener: contextInitialized()
20-Mar-2026 09:11:23.676 INFO [main] org.apache.catalina.core.ApplicationContext.log ContextListener: attributeAdded('StockTicker', 'async.Stockticker@7fc44dec')
20-Mar-2026 09:32:27.259 INFO [main] org.apache.catalina.core.ApplicationContext.log ContextListener: contextInitialized()
20-Mar-2026 09:32:27.259 INFO [main] org.apache.catalina.core.ApplicationContext.log SessionListener: contextInitialized()
20-Mar-2026 09:32:27.264 INFO [main] org.apache.catalina.core.ApplicationContext.log ContextListener: attributeAdded('StockTicker', 'async.Stockticker@4de41af9')
20-Mar-2026 09:32:27.628 INFO [main] org.apache.catalina.core.ApplicationContext.log SessionListener: contextDestroyed()
20-Mar-2026 09:32:27.630 INFO [main] org.apache.catalina.core.ApplicationContext.log ContextListener: contextDestroyed()
20-Mar-2026 09:36:17.868 INFO [main] org.apache.catalina.core.ApplicationContext.log ContextListener: contextInitialized()
20-Mar-2026 09:36:17.869 INFO [main] org.apache.catalina.core.ApplicationContext.log SessionListener: contextInitialized()
20-Mar-2026 09:36:17.873 INFO [main] org.apache.catalina.core.ApplicationContext.log ContextListener: attributeAdded('StockTicker', 'async.Stockticker@277f7dd3')
20-Mar-2026 09:42:33.280 INFO [Catalina-utility-2] org.apache.catalina.core.ApplicationContext.log No Spring WebApplicationInitializer types detected on classpath
20-Mar-2026 09:42:33.748 INFO [Catalina-utility-2] org.apache.catalina.core.ApplicationContext.log Initializing Spring DispatcherServlet 'dispatcher'
20-Mar-2026 09:42:47.199 INFO [Catalina-utility-1] org.apache.catalina.core.ApplicationContext.log Destroying Spring FrameworkServlet 'dispatcher'
20-Mar-2026 09:43:50.756 INFO [Catalina-utility-2] org.apache.catalina.core.ApplicationContext.log No Spring WebApplicationInitializer types detected on classpath
20-Mar-2026 09:43:51.138 INFO [Catalina-utility-2] org.apache.catalina.core.ApplicationContext.log Initializing Spring DispatcherServlet 'dispatcher'
20-Mar-2026 09:46:27.190 INFO [main] org.apache.catalina.core.ApplicationContext.log No Spring WebApplicationInitializer types detected on classpath
20-Mar-2026 09:46:27.563 INFO [main] org.apache.catalina.core.ApplicationContext.log Initializing Spring DispatcherServlet 'dispatcher'
20-Mar-2026 09:46:30.777 INFO [main] org.apache.catalina.core.ApplicationContext.log ContextListener: contextInitialized()
20-Mar-2026 09:46:30.777 INFO [main] org.apache.catalina.core.ApplicationContext.log SessionListener: contextInitialized()
20-Mar-2026 09:46:30.780 INFO [main] org.apache.catalina.core.ApplicationContext.log ContextListener: attributeAdded('StockTicker', 'async.Stockticker@230d013b')
20-Mar-2026 10:00:12.191 INFO [Catalina-utility-2] org.apache.catalina.core.ApplicationContext.log Destroying Spring FrameworkServlet 'dispatcher'
20-Mar-2026 10:00:44.567 INFO [main] org.apache.catalina.core.ApplicationContext.log ContextListener: contextInitialized()
20-Mar-2026 10:00:44.567 INFO [main] org.apache.catalina.core.ApplicationContext.log SessionListener: contextInitialized()
20-Mar-2026 10:00:44.572 INFO [main] org.apache.catalina.core.ApplicationContext.log ContextListener: attributeAdded('StockTicker', 'async.Stockticker@1bc715b8')
20-Mar-2026 10:02:46.317 INFO [main] org.apache.catalina.core.ApplicationContext.log ContextListener: contextInitialized()
20-Mar-2026 10:02:46.317 INFO [main] org.apache.catalina.core.ApplicationContext.log SessionListener: contextInitialized()
20-Mar-2026 10:02:46.322 INFO [main] org.apache.catalina.core.ApplicationContext.log ContextListener: attributeAdded('StockTicker', 'async.Stockticker@7fc44dec')
20-Mar-2026 10:12:18.793 INFO [main] org.apache.catalina.core.ApplicationContext.log No Spring WebApplicationInitializer types detected on classpath
20-Mar-2026 10:12:19.480 INFO [main] org.apache.catalina.core.ApplicationContext.log Initializing Spring DispatcherServlet 'dispatcher'
20-Mar-2026 10:12:24.221 INFO [main] org.apache.catalina.core.ApplicationContext.log ContextListener: contextInitialized()
20-Mar-2026 10:12:24.221 INFO [main] org.apache.catalina.core.ApplicationContext.log SessionListener: contextInitialized()
20-Mar-2026 10:12:24.229 INFO [main] org.apache.catalina.core.ApplicationContext.log ContextListener: attributeAdded('StockTicker', 'async.Stockticker@3225d950')
