03-Apr-2026 07:11:14.770 INFO [main] org.apache.catalina.core.ApplicationContext.log No Spring WebApplicationInitializer types detected on classpath
03-Apr-2026 07:11:15.784 INFO [main] org.apache.catalina.core.ApplicationContext.log Initializing Spring DispatcherServlet 'dispatcher'
03-Apr-2026 07:11:31.870 INFO [main] org.apache.catalina.core.ApplicationContext.log ContextListener: contextInitialized()
03-Apr-2026 07:11:31.871 INFO [main] org.apache.catalina.core.ApplicationContext.log SessionListener: contextInitialized()
03-Apr-2026 07:11:31.883 INFO [main] org.apache.catalina.core.ApplicationContext.log ContextListener: attributeAdded('StockTicker', 'async.Stockticker@e97f51c')
03-Apr-2026 07:45:15.017 INFO [Catalina-utility-1] org.apache.catalina.core.ApplicationContext.log Destroying Spring FrameworkServlet 'dispatcher'
03-Apr-2026 07:45:24.667 INFO [Catalina-utility-1] org.apache.catalina.core.ApplicationContext.log No Spring WebApplicationInitializer types detected on classpath
03-Apr-2026 07:45:25.641 INFO [Catalina-utility-1] org.apache.catalina.core.ApplicationContext.log Initializing Spring DispatcherServlet 'dispatcher'
03-Apr-2026 07:45:43.199 INFO [Catalina-utility-2] org.apache.catalina.core.ApplicationContext.log Destroying Spring FrameworkServlet 'dispatcher'
03-Apr-2026 07:51:16.432 INFO [main] org.apache.catalina.core.ApplicationContext.log ContextListener: contextInitialized()
03-Apr-2026 07:51:16.433 INFO [main] org.apache.catalina.core.ApplicationContext.log SessionListener: contextInitialized()
03-Apr-2026 07:51:16.440 INFO [main] org.apache.catalina.core.ApplicationContext.log ContextListener: attributeAdded('StockTicker', 'async.Stockticker@4de41af9')
03-Apr-2026 07:51:57.216 INFO [main] org.apache.catalina.core.ApplicationContext.log SessionListener: contextDestroyed()
03-Apr-2026 07:51:57.216 INFO [main] org.apache.catalina.core.ApplicationContext.log ContextListener: contextDestroyed()
03-Apr-2026 07:53:30.137 INFO [main] org.apache.catalina.core.ApplicationContext.log No Spring WebApplicationInitializer types detected on classpath
03-Apr-2026 07:53:30.745 INFO [main] org.apache.catalina.core.ApplicationContext.log Initializing Spring DispatcherServlet 'dispatcher'
03-Apr-2026 07:53:36.651 INFO [main] org.apache.catalina.core.ApplicationContext.log ContextListener: contextInitialized()
03-Apr-2026 07:53:36.651 INFO [main] org.apache.catalina.core.ApplicationContext.log SessionListener: contextInitialized()
03-Apr-2026 07:53:36.656 INFO [main] org.apache.catalina.core.ApplicationContext.log ContextListener: attributeAdded('StockTicker', 'async.Stockticker@122ea8dc')
03-Apr-2026 07:56:57.697 INFO [Catalina-utility-1] org.apache.catalina.core.ApplicationContext.log Destroying Spring FrameworkServlet 'dispatcher'
03-Apr-2026 08:00:13.845 INFO [Catalina-utility-1] org.apache.catalina.core.ApplicationContext.log No Spring WebApplicationInitializer types detected on classpath
03-Apr-2026 08:00:14.440 INFO [Catalina-utility-1] org.apache.catalina.core.ApplicationContext.log Initializing Spring DispatcherServlet 'dispatcher'
03-Apr-2026 08:00:25.997 INFO [main] org.apache.catalina.core.ApplicationContext.log No Spring WebApplicationInitializer types detected on classpath
03-Apr-2026 08:00:26.491 INFO [main] org.apache.catalina.core.ApplicationContext.log Initializing Spring DispatcherServlet 'dispatcher'
03-Apr-2026 08:00:32.019 INFO [main] org.apache.catalina.core.ApplicationContext.log ContextListener: contextInitialized()
03-Apr-2026 08:00:32.020 INFO [main] org.apache.catalina.core.ApplicationContext.log SessionListener: contextInitialized()
03-Apr-2026 08:00:32.023 INFO [main] org.apache.catalina.core.ApplicationContext.log ContextListener: attributeAdded('StockTicker', 'async.Stockticker@be9cc86')
03-Apr-2026 08:00:32.424 INFO [main] org.apache.catalina.core.ApplicationContext.log Destroying Spring FrameworkServlet 'dispatcher'
03-Apr-2026 08:00:32.437 INFO [main] org.apache.catalina.core.ApplicationContext.log SessionListener: contextDestroyed()
03-Apr-2026 08:00:32.438 INFO [main] org.apache.catalina.core.ApplicationContext.log ContextListener: contextDestroyed()
03-Apr-2026 08:03:40.549 INFO [Catalina-utility-1] org.apache.catalina.core.ApplicationContext.log Destroying Spring FrameworkServlet 'dispatcher'
03-Apr-2026 08:11:11.173 INFO [Catalina-utility-1] org.apache.catalina.core.ApplicationContext.log No Spring WebApplicationInitializer types detected on classpath
03-Apr-2026 08:11:11.609 INFO [Catalina-utility-1] org.apache.catalina.core.ApplicationContext.log Initializing Spring DispatcherServlet 'dispatcher'
03-Apr-2026 08:11:49.956 INFO [main] org.apache.catalina.core.ApplicationContext.log No Spring WebApplicationInitializer types detected on classpath
03-Apr-2026 08:11:50.409 INFO [main] org.apache.catalina.core.ApplicationContext.log Initializing Spring DispatcherServlet 'dispatcher'
03-Apr-2026 08:11:56.415 INFO [main] org.apache.catalina.core.ApplicationContext.log ContextListener: contextInitialized()
03-Apr-2026 08:11:56.415 INFO [main] org.apache.catalina.core.ApplicationContext.log SessionListener: contextInitialized()
03-Apr-2026 08:11:56.421 INFO [main] org.apache.catalina.core.ApplicationContext.log ContextListener: attributeAdded('StockTicker', 'async.Stockticker@37669c4')
03-Apr-2026 08:11:56.755 INFO [main] org.apache.catalina.core.ApplicationContext.log Destroying Spring FrameworkServlet 'dispatcher'
03-Apr-2026 08:11:56.795 INFO [main] org.apache.catalina.core.ApplicationContext.log SessionListener: contextDestroyed()
03-Apr-2026 08:11:56.795 INFO [main] org.apache.catalina.core.ApplicationContext.log ContextListener: contextDestroyed()
03-Apr-2026 08:13:17.899 INFO [main] org.apache.catalina.core.ApplicationContext.log No Spring WebApplicationInitializer types detected on classpath
03-Apr-2026 08:13:18.414 INFO [main] org.apache.catalina.core.ApplicationContext.log Initializing Spring DispatcherServlet 'dispatcher'
03-Apr-2026 08:13:27.095 INFO [main] org.apache.catalina.core.ApplicationContext.log ContextListener: contextInitialized()
03-Apr-2026 08:13:27.109 INFO [main] org.apache.catalina.core.ApplicationContext.log SessionListener: contextInitialized()
03-Apr-2026 08:13:27.111 INFO [main] org.apache.catalina.core.ApplicationContext.log ContextListener: attributeAdded('StockTicker', 'async.Stockticker@5920c4ed')
03-Apr-2026 08:13:50.428 SEVERE [http-nio-8080-exec-1] org.apache.catalina.core.StandardWrapperValve.invoke Servlet.service() for servlet [dispatcher] in context with path [/SpringMvcHelloWorld] threw exception [Request processing failed: org.springframework.jdbc.BadSqlGrammarException: PreparedStatementCallback; bad SQL grammar []] with root cause
	org.h2.jdbc.JdbcSQLSyntaxErrorException: Table "USERS" not found; SQL statement:
INSERT INTO users (name,email,password,phone,address,gender) VALUES (?,?,?,?,?,?) [42102-224]
		at org.h2.message.DbException.getJdbcSQLException(DbException.java:514)
		at org.h2.message.DbException.getJdbcSQLException(DbException.java:489)
		at org.h2.message.DbException.get(DbException.java:223)
		at org.h2.message.DbException.get(DbException.java:199)
		at org.h2.command.Parser.getTableOrViewNotFoundDbException(Parser.java:8064)
		at org.h2.command.Parser.getTableOrViewNotFoundDbException(Parser.java:8035)
		at org.h2.command.Parser.readTableOrView(Parser.java:8024)
		at org.h2.command.Parser.readTableOrView(Parser.java:7990)
		at org.h2.command.Parser.parseInsert(Parser.java:1540)
		at org.h2.command.Parser.parsePrepared(Parser.java:719)
		at org.h2.command.Parser.parse(Parser.java:592)
		at org.h2.command.Parser.parse(Parser.java:564)
		at org.h2.command.Parser.prepareCommand(Parser.java:483)
		at org.h2.engine.SessionLocal.prepareLocal(SessionLocal.java:639)
		at org.h2.engine.SessionLocal.prepareCommand(SessionLocal.java:559)
		at org.h2.jdbc.JdbcConnection.prepareCommand(JdbcConnection.java:1166)
		at org.h2.jdbc.JdbcPreparedStatement.<init>(JdbcPreparedStatement.java:93)
		at org.h2.jdbc.JdbcConnection.prepareStatement(JdbcConnection.java:1094)
		at com.example.dao.UserDAOImpl.lambda$create$0(UserDAOImpl.java:37)
		at org.springframework.jdbc.core.JdbcTemplate.execute(JdbcTemplate.java:656)
		at org.springframework.jdbc.core.JdbcTemplate.update(JdbcTemplate.java:1003)
		at com.example.dao.UserDAOImpl.create(UserDAOImpl.java:36)
		at com.example.service.UserService.createUser(UserService.java:16)
		at com.example.controller.UserController.create(UserController.java:19)
		at java.base/jdk.internal.reflect.DirectMethodHandleAccessor.invoke(DirectMethodHandleAccessor.java:104)
		at java.base/java.lang.reflect.Method.invoke(Method.java:565)
		at org.springframework.web.method.support.InvocableHandlerMethod.doInvoke(InvocableHandlerMethod.java:258)
		at org.springframework.web.method.support.InvocableHandlerMethod.invokeForRequest(InvocableHandlerMethod.java:191)
		at org.springframework.web.servlet.mvc.method.annotation.ServletInvocableHandlerMethod.invokeAndHandle(ServletInvocableHandlerMethod.java:118)
		at org.springframework.web.servlet.mvc.method.annotation.RequestMappingHandlerAdapter.invokeHandlerMethod(RequestMappingHandlerAdapter.java:991)
		at org.springframework.web.servlet.mvc.method.annotation.RequestMappingHandlerAdapter.handleInternal(RequestMappingHandlerAdapter.java:896)
		at org.springframework.web.servlet.mvc.method.AbstractHandlerMethodAdapter.handle(AbstractHandlerMethodAdapter.java:87)
		at org.springframework.web.servlet.DispatcherServlet.doDispatch(DispatcherServlet.java:1089)
		at org.springframework.web.servlet.DispatcherServlet.doService(DispatcherServlet.java:979)
		at org.springframework.web.servlet.FrameworkServlet.processRequest(FrameworkServlet.java:1014)
		at org.springframework.web.servlet.FrameworkServlet.doPost(FrameworkServlet.java:914)
		at jakarta.servlet.http.HttpServlet.service(HttpServlet.java:590)
		at org.springframework.web.servlet.FrameworkServlet.service(FrameworkServlet.java:885)
		at jakarta.servlet.http.HttpServlet.service(HttpServlet.java:658)
		at org.apache.catalina.core.ApplicationFilterChain.internalDoFilter(ApplicationFilterChain.java:193)
		at org.apache.catalina.core.ApplicationFilterChain.doFilter(ApplicationFilterChain.java:138)
		at org.apache.tomcat.websocket.server.WsFilter.doFilter(WsFilter.java:51)
		at org.apache.catalina.core.ApplicationFilterChain.internalDoFilter(ApplicationFilterChain.java:162)
		at org.apache.catalina.core.ApplicationFilterChain.doFilter(ApplicationFilterChain.java:138)
		at org.apache.catalina.core.StandardWrapperValve.invoke(StandardWrapperValve.java:165)
		at org.apache.catalina.core.StandardContextValve.invoke(StandardContextValve.java:88)
		at org.apache.catalina.authenticator.AuthenticatorBase.invoke(AuthenticatorBase.java:492)
		at org.apache.catalina.core.StandardHostValve.invoke(StandardHostValve.java:113)
		at org.apache.catalina.valves.ErrorReportValve.invoke(ErrorReportValve.java:83)
		at org.apache.catalina.valves.AbstractAccessLogValve.invoke(AbstractAccessLogValve.java:654)
		at org.apache.catalina.core.StandardEngineValve.invoke(StandardEngineValve.java:72)
		at org.apache.catalina.connector.CoyoteAdapter.service(CoyoteAdapter.java:342)
		at org.apache.coyote.http11.Http11Processor.service(Http11Processor.java:399)
		at org.apache.coyote.AbstractProcessorLight.process(AbstractProcessorLight.java:63)
		at org.apache.coyote.AbstractProtocol$ConnectionHandler.process(AbstractProtocol.java:903)
		at org.apache.tomcat.util.net.NioEndpoint$SocketProcessor.doRun(NioEndpoint.java:1775)
		at org.apache.tomcat.util.net.SocketProcessorBase.run(SocketProcessorBase.java:52)
		at org.apache.tomcat.util.threads.ThreadPoolExecutor.runWorker(ThreadPoolExecutor.java:973)
		at org.apache.tomcat.util.threads.ThreadPoolExecutor$Worker.run(ThreadPoolExecutor.java:491)
		at org.apache.tomcat.util.threads.TaskThread$WrappingRunnable.run(TaskThread.java:63)
		at java.base/java.lang.Thread.run(Thread.java:1474)
